Microchip MPLAB XC8 Compiler V2.31

Linker command line:

-W-3 --edf=C:\Program Files\Microchip\xc8\v2.31\pic\dat\en_msgs.txt -cn \
  -h+dist/default/production\2021_01_22_ComunicazioneSeriale.X.production.sym \
  --cmf=dist/default/production\2021_01_22_ComunicazioneSeriale.X.production.cmf \
  -z -Q16F877A -oC:\Users\ALESSA~1\AppData\Local\Temp\s5v0.2 \
  --defsym=__MPLAB_BUILD=1 \
  -Mdist/default/production/2021_01_22_ComunicazioneSeriale.X.production.map \
  -E1 -ver=XC8 Compiler --acfsm=1493 -ASTACK=0110h-016Fh -pstack=STACK \
  -ACODE=00h-07FFhx4 -ASTRCODE=00h-01FFFh -ASTRING=00h-0FFhx32 \
  -ACONST=00h-0FFhx32 -AENTRY=00h-0FFhx32 -ACOMMON=070h-07Fh \
  -ABANK0=020h-06Fh -ABANK1=0A0h-0EFh -ABANK2=0110h-016Fh \
  -ABANK3=0190h-01EFh -ARAM=020h-06Fh,0A0h-0EFh,0110h-016Fh,0190h-01EFh \
  -AABS1=020h-07Fh,0A0h-0EFh,0110h-016Fh,0190h-01EFh -ASFR0=00h-01Fh \
  -ASFR1=080h-09Fh -ASFR2=0100h-010Fh -ASFR3=0180h-018Fh \
  -ACONFIG=02007h-02007h -DCONFIG=2 -AIDLOC=02000h-02003h -DIDLOC=2 \
  -AEEDATA=00h-0FFh/02100h -peeprom_data=EEDATA -DEEDATA=2 -DCODE=2 \
  -DSTRCODE=2 -DSTRING=2 -DCONST=2 -DENTRY=2 \
  -preset_vec=00h,intentry=04h,init,end_init -ppowerup=CODE -pcinit=CODE \
  -pfunctab=ENTRY -k C:\Users\ALESSA~1\AppData\Local\Temp\s5v0.o \
  dist/default/production\2021_01_22_ComunicazioneSeriale.X.production.o 

Object code version is 3.11

Machine type is 16F877A



                Name                               Link     Load   Length Selector   Space Scale
C:\Users\ALESSA~1\AppData\Local\Temp\s5v0.o
                end_init                              C        C        3        8       0
                reset_vec                             0        0        3        0       0
                config                             2007     2007        1        0       4
dist/default/production\2021_01_22_ComunicazioneSeriale.X.production.o
                cinit                                 F        F       1D        8       0
                intentry                              4        4        8        8       0
                config                             2007     2007        1        0       4
                text10                              220      220       2D        8       0
                text9                               2DD      2DD        C      572       0
                text8                               1F3      1F3       2D        8       0
                text7                               2F1      2F1        8      572       0
                text6                                C9       C9       8E        8       0
                text5                               278      278       28        8       0
                text4                               157      157       54        8       0
                text3                               2CC      2CC       11      572       0
                text2                                2C       2C       9D        8       0
                text1                               1AB      1AB       48        8       0
                maintext                            24D      24D       2B        8       0
                cstackBANK0                          38       38       10       20       1
                cstackCOMMON                         70       70        9       70       1
                clrtext                             2E9      2E9        8      572       0
                inittext                            2B9      2B9       13      572       0
                dataBANK0                            48       48        7       20       1
                bssBANK0                             20       20       18       20       1
                bssCOMMON                            79       79        3       70       1
                strings                             2A0      2A0       19      540       0
                idataBANK0                          2F9      2F9        7      572       0

TOTAL           Name                               Link     Load   Length     Space
        CLASS   STACK          

        CLASS   CODE           
                end_init                              C        C        3         0
                cinit                                 F        F       1D         0
                intentry                              4        4        8         0
                reset_vec                             0        0        3         0
                text10                              220      220       2D         0
                text9                               2DD      2DD        C         0
                text8                               1F3      1F3       2D         0
                text7                               2F1      2F1        8         0
                text6                                C9       C9       8E         0
                text5                               278      278       28         0
                text4                               157      157       54         0
                text3                               2CC      2CC       11         0
                text2                                2C       2C       9D         0
                text1                               1AB      1AB       48         0
                maintext                            24D      24D       2B         0
                clrtext                             2E9      2E9        8         0
                inittext                            2B9      2B9       13         0
                idataBANK0                          2F9      2F9        7         0

        CLASS   STRCODE        

        CLASS   STRING         
                strings                             2A0      2A0       19         0

        CLASS   CONST          

        CLASS   ENTRY          

        CLASS   COMMON         
                cstackCOMMON                         70       70        9         1
                bssCOMMON                            79       79        3         1

        CLASS   BANK0          
                cstackBANK0                          38       38       10         1
                dataBANK0                            48       48        7         1
                bssBANK0                             20       20       18         1

        CLASS   BANK1          

        CLASS   BANK2          

        CLASS   BANK3          

        CLASS   RAM            

        CLASS   ABS1           
                abs_s1                               7E       7E        2         1

        CLASS   SFR0           

        CLASS   SFR1           

        CLASS   SFR2           

        CLASS   SFR3           

        CLASS   CONFIG         
                config                             2007     2007        1         4

        CLASS   IDLOC          

        CLASS   EEDATA         



SEGMENTS        Name                           Load    Length   Top    Selector   Space  Class     Delta

                reset_vec                      000000  000003  000003         0       0  CODE        2
                intentry                       000004  00029C  0002A0         8       0  CODE        2
                bssBANK0                       000020  00002F  00004F        20       1  BANK0       1
                cstackCOMMON                   000070  00000C  00007C        70       1  COMMON      1
                strings                        0002A0  000019  0002B9       540       0  STRING      2
                inittext                       0002B9  000047  000300       572       0  CODE        2


UNUSED ADDRESS RANGES

        Name                Unused          Largest block    Delta
        BANK0            004F-006F             21           1
        BANK1            00A0-00EF             50           1
        BANK2            0110-016F             60           1
        BANK3            0190-01EF             60           1
        CODE             0003-0003              1           2
                         0300-1FFF            800
        COMMON           007C-007D              2           1
        CONST            0003-0003              1           2
                         0300-1FFF            100
        EEDATA           2100-21FF            100           2
        ENTRY            0003-0003              1           2
                         0300-1FFF            100
        IDLOC            2000-2003              4           2
        RAM              004F-006F             21           1
                         00A0-00EF             50
                         0110-016F             60
                         0190-01EF             60
        SFR0             0000-001F             20           1
        SFR1             0080-009F             20           1
        SFR2             0100-010F             10           1
        SFR3             0180-018F             10           1
        STACK            0110-016F             60           1
        STRCODE          0003-0003              1           2
                         0300-1FFF           1D00
        STRING           0003-0003              1           2
                         0300-1FFF            100

                                  Symbol Table

?___aldiv                cstackBANK0  0038
_INTCON                  (abs)        000B
_ISR                     text10       0220
_OPTION_REG              (abs)        0081
_PIE1                    (abs)        008C
_PIR1                    (abs)        000C
_PORTA                   (abs)        0005
_PORTB                   (abs)        0006
_PORTD                   (abs)        0008
_PORTE                   (abs)        0009
_RCSTA                   (abs)        0018
_SPBRG                   (abs)        0099
_TMR0                    (abs)        0001
_TRISA                   (abs)        0085
_TRISB                   (abs)        0086
_TRISC                   (abs)        0087
_TRISD                   (abs)        0088
_TRISE                   (abs)        0089
_TXREG                   (abs)        0019
_TXSTA                   (abs)        0098
__Habs1                  abs1         0000
__Hbank0                 bank0        0000
__Hbank1                 bank1        0000
__Hbank2                 bank2        0000
__Hbank3                 bank3        0000
__HbssBANK0              bssBANK0     0000
__HbssCOMMON             bssCOMMON    0000
__Hcinit                 cinit        002C
__Hclrtext               clrtext      0000
__Hcode                  code         0000
__Hcommon                common       0000
__Hconfig                config       2008
__HcstackBANK0           cstackBANK0  0000
__HcstackCOMMON          cstackCOMMON 0000
__HdataBANK0             dataBANK0    0000
__Heeprom_data           eeprom_data  0000
__Hend_init              end_init     000F
__Hfunctab               functab      0000
__HidataBANK0            idataBANK0   0000
__Hinit                  init         000C
__Hinittext              inittext     0000
__Hintentry              intentry     000C
__Hmaintext              maintext     0000
__Hpowerup               powerup      0000
__Hram                   ram          0000
__Hreset_vec             reset_vec    0003
__Hsfr0                  sfr0         0000
__Hsfr1                  sfr1         0000
__Hsfr2                  sfr2         0000
__Hsfr3                  sfr3         0000
__Hspace_0               (abs)        0300
__Hspace_1               (abs)        007C
__Hspace_2               (abs)        0000
__Hspace_3               (abs)        0000
__Hspace_4               (abs)        400F
__Hstack                 stack        0000
__Hstrings               strings      0000
__Htext                  text         0000
__Labs1                  abs1         0000
__Lbank0                 bank0        0000
__Lbank1                 bank1        0000
__Lbank2                 bank2        0000
__Lbank3                 bank3        0000
__LbssBANK0              bssBANK0     0000
__LbssCOMMON             bssCOMMON    0000
__Lcinit                 cinit        000F
__Lclrtext               clrtext      0000
__Lcode                  code         0000
__Lcommon                common       0000
__Lconfig                config       0000
__LcstackBANK0           cstackBANK0  0000
__LcstackCOMMON          cstackCOMMON 0000
__LdataBANK0             dataBANK0    0000
__Leeprom_data           eeprom_data  0000
__Lend_init              end_init     000C
__Lfunctab               functab      0000
__LidataBANK0            idataBANK0   0000
__Linit                  init         000C
__Linittext              inittext     0000
__Lintentry              intentry     0004
__Lmaintext              maintext     0000
__Lpowerup               powerup      0000
__Lram                   ram          0000
__Lreset_vec             reset_vec    0000
__Lsfr0                  sfr0         0000
__Lsfr1                  sfr1         0000
__Lsfr2                  sfr2         0000
__Lsfr3                  sfr3         0000
__Lspace_0               (abs)        0000
__Lspace_1               (abs)        0000
__Lspace_2               (abs)        0000
__Lspace_3               (abs)        0000
__Lspace_4               (abs)        0000
__Lstack                 stack        0000
__Lstrings               strings      0000
__Ltext                  text         0000
__S0                     (abs)        0300
__S1                     (abs)        007C
__S2                     (abs)        0000
__S3                     (abs)        0000
___aldiv                 text2        002C
___aldiv@counter         cstackCOMMON 0073
___aldiv@dividend        cstackBANK0  003C
___aldiv@divisor         cstackBANK0  0038
___aldiv@quotient        cstackCOMMON 0075
___aldiv@sign            cstackCOMMON 0074
___int_sp                stack        0000
___latbits               (abs)        0002
___sp                    stack        0000
___stackhi               (abs)        0000
___stacklo               (abs)        0000
__end_of_ISR             text10       024D
__end_of___aldiv         text2        00C9
__end_of__initialization cinit        0028
__end_of__stringtab      strings      02A6
__end_of_checkKeypad     text6        0157
__end_of_colMask         strings      02B9
__end_of_initDisplayLCD  text4        01AB
__end_of_initPic         text3        02DD
__end_of_init_Uart       text1        01F3
__end_of_keyPad          strings      02B2
__end_of_main            maintext     0278
__end_of_rowMask         strings      02B6
__end_of_sendCommand     text5        02A0
__end_of_sendData        text8        0220
__end_of_trasmitData     text9        02E9
__end_of_write_char      text7        02F9
__initialization         cinit        000F
__pbssBANK0              bssBANK0     0020
__pbssCOMMON             bssCOMMON    0079
__pcstackBANK0           cstackBANK0  0038
__pcstackCOMMON          cstackCOMMON 0070
__pdataBANK0             dataBANK0    0048
__pidataBANK0            idataBANK0   02F9
__pintentry              intentry     0004
__pmaintext              maintext     024D
__pstrings               strings      02A0
__ptext1                 text1        01AB
__ptext10                text10       0220
__ptext2                 text2        002C
__ptext3                 text3        02CC
__ptext4                 text4        0157
__ptext5                 text5        0278
__ptext6                 text6        00C9
__ptext7                 text7        02F1
__ptext8                 text8        01F3
__ptext9                 text9        02DD
__size_of_ISR            (abs)        0000
__size_of___aldiv        (abs)        0000
__size_of_checkKeypad    (abs)        0000
__size_of_initDisplayLCD (abs)        0000
__size_of_initPic        (abs)        0000
__size_of_init_Uart      (abs)        0000
__size_of_main           (abs)        0000
__size_of_sendCommand    (abs)        0000
__size_of_sendData       (abs)        0000
__size_of_trasmitData    (abs)        0000
__size_of_write_char     (abs)        0000
__stringbase             strings      02A5
__stringtab              strings      02A0
_checkKeypad             text6        00C9
_colMask                 strings      02B6
_colScan                 bssCOMMON    007B
_count                   bssBANK0     002E
_delayBtn                bssBANK0     002A
_initDisplayLCD          text4        0157
_initPic                 text3        02CC
_init_Uart               text1        01AB
_keyPad                  strings      02A6
_keyok                   bssBANK0     0037
_keypressed              bssCOMMON    0079
_main                    maintext     024D
_rowMask                 strings      02B2
_rowScan                 bssCOMMON    007A
_sendCommand             text5        0278
_sendData                text8        01F3
_trasmitData             text9        02DD
_write_char              text7        02F1
btemp                    (abs)        007E
clear_ram0               clrtext      02E9
end_of_initialization    cinit        0028
init_Uart@baudRate       cstackBANK0  0044
init_fetch0              inittext     02B9
init_ram0                inittext     02BD
interrupt_function       intentry     0004
intlevel0                functab      0000
intlevel1                functab      0000
intlevel2                functab      0000
intlevel3                functab      0000
intlevel4                functab      0000
intlevel5                functab      0000
reset_vec                reset_vec    0000
saved_w                  (abs)        007E
sendCommand@cmd          cstackCOMMON 0074
sendData@d               cstackCOMMON 0074
start                    init         000C
start_initialization     cinit        000F
trasmitData@c            cstackCOMMON 0072
write_char@c             cstackCOMMON 0075
wtemp0                   (abs)        007E


FUNCTION INFORMATION:

 *************** function _main *****************
 Defined at:
		line 76 in file "ComunicazioneSeriale_Vendrame.c"
 Parameters:    Size  Location     Type
		None
 Auto vars:     Size  Location     Type
		None
 Return value:  Size  Location     Type
                  1    wreg      void 
 Registers used:
		wreg, fsr0l, fsr0h, status,2, status,0, btemp+1, pclath, cstack
 Tracked objects:
		On entry : 
		On exit  : 
		Unchanged: 
 Data sizes:     COMMON   BANK0   BANK1   BANK3   BANK2
      Params:         0       0       0       0       0
      Locals:         0       0       0       0       0
      Temps:          0       0       0       0       0
      Totals:         0       0       0       0       0
Total ram usage:        0 bytes
 Hardware stack levels required when called:    4
 This function calls:
		_checkKeypad
		_initDisplayLCD
		_initPic
		_init_Uart
 This function is called by:
		Startup code after reset
 This function uses a non-reentrant model


 *************** function _init_Uart *****************
 Defined at:
		line 193 in file "ComunicazioneSeriale_Vendrame.c"
 Parameters:    Size  Location     Type
		None
 Auto vars:     Size  Location     Type
  baudRate        4   12[BANK0 ] long 
 Return value:  Size  Location     Type
                  1    wreg      void 
 Registers used:
		wreg, status,2, status,0, pclath, cstack
 Tracked objects:
		On entry : 
		On exit  : 
		Unchanged: 
 Data sizes:     COMMON   BANK0   BANK1   BANK3   BANK2
      Params:         0       0       0       0       0
      Locals:         0       4       0       0       0
      Temps:          0       4       0       0       0
      Totals:         0       8       0       0       0
Total ram usage:        8 bytes
 Hardware stack levels used:    1
 Hardware stack levels required when called:    2
 This function calls:
		___aldiv
 This function is called by:
		_main
 This function uses a non-reentrant model


 *************** function ___aldiv *****************
 Defined at:
		line 5 in file "C:\Program Files\Microchip\xc8\v2.31\pic\sources\c90\common\aldiv.c"
 Parameters:    Size  Location     Type
  divisor         4    0[BANK0 ] long 
  dividend        4    4[BANK0 ] long 
 Auto vars:     Size  Location     Type
  quotient        4    5[COMMON] long 
  sign            1    4[COMMON] unsigned char 
  counter         1    3[COMMON] unsigned char 
 Return value:  Size  Location     Type
                  4    0[BANK0 ] long 
 Registers used:
		wreg, status,2, status,0
 Tracked objects:
		On entry : 
		On exit  : 
		Unchanged: 
 Data sizes:     COMMON   BANK0   BANK1   BANK3   BANK2
      Params:         0       8       0       0       0
      Locals:         6       0       0       0       0
      Temps:          1       0       0       0       0
      Totals:         7       8       0       0       0
Total ram usage:       15 bytes
 Hardware stack levels used:    1
 Hardware stack levels required when called:    1
 This function calls:
		Nothing
 This function is called by:
		_init_Uart
 This function uses a non-reentrant model


 *************** function _initPic *****************
 Defined at:
		line 138 in file "ComunicazioneSeriale_Vendrame.c"
 Parameters:    Size  Location     Type
		None
 Auto vars:     Size  Location     Type
		None
 Return value:  Size  Location     Type
                  1    wreg      void 
 Registers used:
		wreg, status,2
 Tracked objects:
		On entry : 
		On exit  : 
		Unchanged: 
 Data sizes:     COMMON   BANK0   BANK1   BANK3   BANK2
      Params:         0       0       0       0       0
      Locals:         0       0       0       0       0
      Temps:          0       0       0       0       0
      Totals:         0       0       0       0       0
Total ram usage:        0 bytes
 Hardware stack levels used:    1
 Hardware stack levels required when called:    1
 This function calls:
		Nothing
 This function is called by:
		_main
 This function uses a non-reentrant model


 *************** function _initDisplayLCD *****************
 Defined at:
		line 152 in file "ComunicazioneSeriale_Vendrame.c"
 Parameters:    Size  Location     Type
		None
 Auto vars:     Size  Location     Type
		None
 Return value:  Size  Location     Type
                  1    wreg      void 
 Registers used:
		wreg, status,2, status,0, pclath, cstack
 Tracked objects:
		On entry : 
		On exit  : 
		Unchanged: 
 Data sizes:     COMMON   BANK0   BANK1   BANK3   BANK2
      Params:         0       0       0       0       0
      Locals:         0       0       0       0       0
      Temps:          2       0       0       0       0
      Totals:         2       0       0       0       0
Total ram usage:        2 bytes
 Hardware stack levels used:    1
 Hardware stack levels required when called:    2
 This function calls:
		_sendCommand
 This function is called by:
		_main
 This function uses a non-reentrant model


 *************** function _sendCommand *****************
 Defined at:
		line 170 in file "ComunicazioneSeriale_Vendrame.c"
 Parameters:    Size  Location     Type
  cmd             1    wreg     unsigned char 
 Auto vars:     Size  Location     Type
  cmd             1    4[COMMON] unsigned char 
 Return value:  Size  Location     Type
                  1    wreg      void 
 Registers used:
		wreg, status,2
 Tracked objects:
		On entry : 
		On exit  : 
		Unchanged: 
 Data sizes:     COMMON   BANK0   BANK1   BANK3   BANK2
      Params:         0       0       0       0       0
      Locals:         1       0       0       0       0
      Temps:          2       0       0       0       0
      Totals:         3       0       0       0       0
Total ram usage:        3 bytes
 Hardware stack levels used:    1
 Hardware stack levels required when called:    1
 This function calls:
		Nothing
 This function is called by:
		_initDisplayLCD
 This function uses a non-reentrant model


 *************** function _checkKeypad *****************
 Defined at:
		line 92 in file "ComunicazioneSeriale_Vendrame.c"
 Parameters:    Size  Location     Type
		None
 Auto vars:     Size  Location     Type
		None
 Return value:  Size  Location     Type
                  1    wreg      void 
 Registers used:
		wreg, fsr0l, fsr0h, status,2, status,0, btemp+1, pclath, cstack
 Tracked objects:
		On entry : 
		On exit  : 
		Unchanged: 
 Data sizes:     COMMON   BANK0   BANK1   BANK3   BANK2
      Params:         0       0       0       0       0
      Locals:         0       0       0       0       0
      Temps:          2       0       0       0       0
      Totals:         2       0       0       0       0
Total ram usage:        2 bytes
 Hardware stack levels used:    1
 Hardware stack levels required when called:    3
 This function calls:
		_trasmitData
		_write_char
 This function is called by:
		_main
 This function uses a non-reentrant model


 *************** function _write_char *****************
 Defined at:
		line 133 in file "ComunicazioneSeriale_Vendrame.c"
 Parameters:    Size  Location     Type
  c               1    wreg     unsigned char 
 Auto vars:     Size  Location     Type
  c               1    5[COMMON] unsigned char 
 Return value:  Size  Location     Type
                  1    wreg      void 
 Registers used:
		wreg, status,2, status,0, pclath, cstack
 Tracked objects:
		On entry : 
		On exit  : 
		Unchanged: 
 Data sizes:     COMMON   BANK0   BANK1   BANK3   BANK2
      Params:         0       0       0       0       0
      Locals:         1       0       0       0       0
      Temps:          0       0       0       0       0
      Totals:         1       0       0       0       0
Total ram usage:        1 bytes
 Hardware stack levels used:    1
 Hardware stack levels required when called:    2
 This function calls:
		_sendData
 This function is called by:
		_checkKeypad
 This function uses a non-reentrant model


 *************** function _sendData *****************
 Defined at:
		line 181 in file "ComunicazioneSeriale_Vendrame.c"
 Parameters:    Size  Location     Type
  d               1    wreg     unsigned char 
 Auto vars:     Size  Location     Type
  d               1    4[COMMON] unsigned char 
 Return value:  Size  Location     Type
                  1    wreg      void 
 Registers used:
		wreg, status,2
 Tracked objects:
		On entry : 
		On exit  : 
		Unchanged: 
 Data sizes:     COMMON   BANK0   BANK1   BANK3   BANK2
      Params:         0       0       0       0       0
      Locals:         1       0       0       0       0
      Temps:          2       0       0       0       0
      Totals:         3       0       0       0       0
Total ram usage:        3 bytes
 Hardware stack levels used:    1
 Hardware stack levels required when called:    1
 This function calls:
		Nothing
 This function is called by:
		_write_char
		_write_string
 This function uses a non-reentrant model


 *************** function _trasmitData *****************
 Defined at:
		line 203 in file "ComunicazioneSeriale_Vendrame.c"
 Parameters:    Size  Location     Type
  c               1    wreg     unsigned char 
 Auto vars:     Size  Location     Type
  c               1    2[COMMON] unsigned char 
 Return value:  Size  Location     Type
                  1    wreg      void 
 Registers used:
		wreg, status,2
 Tracked objects:
		On entry : 
		On exit  : 
		Unchanged: 
 Data sizes:     COMMON   BANK0   BANK1   BANK3   BANK2
      Params:         0       0       0       0       0
      Locals:         1       0       0       0       0
      Temps:          0       0       0       0       0
      Totals:         1       0       0       0       0
Total ram usage:        1 bytes
 Hardware stack levels used:    1
 Hardware stack levels required when called:    1
 This function calls:
		Nothing
 This function is called by:
		_checkKeypad
 This function uses a non-reentrant model


 *************** function _ISR *****************
 Defined at:
		line 208 in file "ComunicazioneSeriale_Vendrame.c"
 Parameters:    Size  Location     Type
		None
 Auto vars:     Size  Location     Type
		None
 Return value:  Size  Location     Type
                  1    wreg      void 
 Registers used:
		wreg, status,2, status,0
 Tracked objects:
		On entry : 
		On exit  : 
		Unchanged: 
 Data sizes:     COMMON   BANK0   BANK1   BANK3   BANK2
      Params:         0       0       0       0       0
      Locals:         0       0       0       0       0
      Temps:          2       0       0       0       0
      Totals:         2       0       0       0       0
Total ram usage:        2 bytes
 Hardware stack levels used:    1
 This function calls:
		Nothing
 This function is called by:
		Interrupt level 1
 This function uses a non-reentrant model



MODULE INFORMATION

Module		Function		Class		Link	Load	Size
shared
		__stringtab    		STRING         	02A0	0000	6
		_rowMask       		STRING         	02B2	0000	4
		__initialization		CODE           	000F	0000	25
		_keyPad        		STRING         	02A6	0000	12
		_colMask       		STRING         	02B6	0000	3

shared estimated size: 50

C:\Program Files\Microchip\xc8\v2.31\pic\sources\c90\common\aldiv.c
		___aldiv       		CODE           	002C	0000	157

C:\Program Files\Microchip\xc8\v2.31\pic\sources\c90\common\aldiv.c estimated size: 157

ComunicazioneSeriale_Vendrame.c
		_initPic       		CODE           	02CC	0000	17
		_ISR           		CODE           	0220	0000	45
		_initDisplayLCD		CODE           	0157	0000	84
		_main          		CODE           	024D	0000	43
		_init_Uart     		CODE           	01AB	0000	72
		_write_char    		CODE           	02F1	0000	8
		_trasmitData   		CODE           	02DD	0000	12
		_sendCommand   		CODE           	0278	0000	40
		_sendData      		CODE           	01F3	0000	45
		_checkKeypad   		CODE           	00C9	0000	142

ComunicazioneSeriale_Vendrame.c estimated size: 508

