Microchip MPLAB XC8 Compiler V2.31

Linker command line:

-W-3 --edf=C:\Program Files\Microchip\xc8\v2.31\pic\dat\en_msgs.txt -cn \
  -h+dist/default/production\GestioneSensoreTemperatura.X.production.sym \
  --cmf=dist/default/production\GestioneSensoreTemperatura.X.production.cmf \
  -z -Q16F877A -oC:\Users\ALESSA~1\AppData\Local\Temp\sfao.2 \
  --defsym=__MPLAB_BUILD=1 \
  -Mdist/default/production/GestioneSensoreTemperatura.X.production.map -E1 \
  -ver=XC8 Compiler --acfsm=1493 -ASTACK=0110h-016Fh -pstack=STACK \
  -ACODE=00h-07FFhx4 -ASTRCODE=00h-01FFFh -ASTRING=00h-0FFhx32 \
  -ACONST=00h-0FFhx32 -AENTRY=00h-0FFhx32 -ACOMMON=070h-07Fh \
  -ABANK0=020h-06Fh -ABANK1=0A0h-0EFh -ABANK2=0110h-016Fh \
  -ABANK3=0190h-01EFh -ARAM=020h-06Fh,0A0h-0EFh,0110h-016Fh,0190h-01EFh \
  -AABS1=020h-07Fh,0A0h-0EFh,0110h-016Fh,0190h-01EFh -ASFR0=00h-01Fh \
  -ASFR1=080h-09Fh -ASFR2=0100h-010Fh -ASFR3=0180h-018Fh \
  -ACONFIG=02007h-02007h -DCONFIG=2 -AIDLOC=02000h-02003h -DIDLOC=2 \
  -AEEDATA=00h-0FFh/02100h -peeprom_data=EEDATA -DEEDATA=2 -DCODE=2 \
  -DSTRCODE=2 -DSTRING=2 -DCONST=2 -DENTRY=2 \
  -preset_vec=00h,intentry=04h,init,end_init -ppowerup=CODE -pcinit=CODE \
  -pfunctab=ENTRY -k C:\Users\ALESSA~1\AppData\Local\Temp\sfao.o \
  dist/default/production\GestioneSensoreTemperatura.X.production.o 

Object code version is 3.11

Machine type is 16F877A



                Name                               Link     Load   Length Selector   Space Scale
C:\Users\ALESSA~1\AppData\Local\Temp\sfao.o
                end_init                              C        C        3        8       0
                reset_vec                             0        0        3        0       0
                config                             2007     2007        1        0       4
dist/default/production\GestioneSensoreTemperatura.X.production.o
                cinit                                 F        F       31        8       0
                intentry                              4        4        8        8       0
                config                             2007     2007        1        0       4
                text20                              D01      D01       2B     1A02       0
                text19                              DDB      DDB       69     1BB6       0
                text18                              D80      D80       5B     1B00       0
                text17                              C63      C63       25     18C6       0
                text16                              EC0      EC0       96     1D80       0
                text15                              3A1      3A1      1E3        8       0
                text14                              CD8      CD8       29     19B0       0
                text13                               40       40      361        8       0
                text12                              E44      E44       7C     1C88       0
                text11                              71E      71E       BC        8       0
                text10                              7DA      7DA       25        8       0
                text9                               F56      F56       AA     1EAC       0
                text8                               C88      C88       28     1910       0
                text7                               D2C      D2C       54     1A58       0
                text6                               BD6      BD6        F     17AC       0
                text5                               BE5      BE5       12     17CA       0
                text4                               C21      C21       21     1842       0
                text3                               CB0      CB0       28     1960       0
                text2                               BC6      BC6        8     178C       0
                text1                               C42      C42       21     1884       0
                maintext                            584      584      19A        8       0
                cstackBANK0                          20       20       44       20       1
                cstackCOMMON                         70       70        A       70       1
                clrtext                             BCE      BCE        8     179C       0
                inittext                            BF7      BF7       13     17EE       0
                dataBANK1                            A0       A0       17       A0       1
                bssBANK1                             B7       B7        F       A0       1
                dataBANK0                            6D       6D        3       20       1
                bssBANK0                             64       64        9       20       1
                bssCOMMON                            7A       7A        2       70       1
                strings                             800      800        D     1000       0
                idataBANK1                          C0A      C0A       17     1814       0
                idataBANK0                          BC3      BC3        3     1786       0

TOTAL           Name                               Link     Load   Length     Space
        CLASS   STACK          

        CLASS   CODE           
                end_init                              C        C        3         0
                cinit                                 F        F       31         0
                intentry                              4        4        8         0
                reset_vec                             0        0        3         0
                text20                              D01      D01       2B         0
                text19                              DDB      DDB       69         0
                text18                              D80      D80       5B         0
                text17                              C63      C63       25         0
                text16                              EC0      EC0       96         0
                text15                              3A1      3A1      1E3         0
                text14                              CD8      CD8       29         0
                text13                               40       40      361         0
                text12                              E44      E44       7C         0
                text11                              71E      71E       BC         0
                text10                              7DA      7DA       25         0
                text9                               F56      F56       AA         0
                text8                               C88      C88       28         0
                text7                               D2C      D2C       54         0
                text6                               BD6      BD6        F         0
                text5                               BE5      BE5       12         0
                text4                               C21      C21       21         0
                text3                               CB0      CB0       28         0
                text2                               BC6      BC6        8         0
                text1                               C42      C42       21         0
                maintext                            584      584      19A         0
                clrtext                             BCE      BCE        8         0
                inittext                            BF7      BF7       13         0
                idataBANK1                          C0A      C0A       17         0
                idataBANK0                          BC3      BC3        3         0

        CLASS   STRCODE        

        CLASS   STRING         
                strings                             800      800        D         0

        CLASS   CONST          

        CLASS   ENTRY          

        CLASS   COMMON         
                cstackCOMMON                         70       70        A         1
                bssCOMMON                            7A       7A        2         1

        CLASS   BANK0          
                cstackBANK0                          20       20       44         1
                dataBANK0                            6D       6D        3         1
                bssBANK0                             64       64        9         1

        CLASS   BANK1          
                dataBANK1                            A0       A0       17         1
                bssBANK1                             B7       B7        F         1

        CLASS   BANK2          

        CLASS   BANK3          

        CLASS   RAM            

        CLASS   ABS1           
                abs_s1                               7E       7E        2         1

        CLASS   SFR0           

        CLASS   SFR1           

        CLASS   SFR2           

        CLASS   SFR3           

        CLASS   CONFIG         
                config                             2007     2007        1         4

        CLASS   IDLOC          

        CLASS   EEDATA         



SEGMENTS        Name                           Load    Length   Top    Selector   Space  Class     Delta

                reset_vec                      000000  000003  000003         0       0  CODE        2
                intentry                       000004  0007FB  0007FF         8       0  CODE        2
                cstackBANK0                    000020  000050  000070        20       1  BANK0       1
                cstackCOMMON                   000070  00000C  00007C        70       1  COMMON      1
                dataBANK1                      0000A0  000026  0000C6        A0       1  BANK1       1
                strings                        000800  00000D  00080D      1000       0  STRING      2
                idataBANK0                     000BC3  000003  000BC6      1786       0  CODE        2
                text2                          000BC6  000008  000BCE      178C       0  CODE        2
                clrtext                        000BCE  000008  000BD6      179C       0  CODE        2
                text6                          000BD6  00000F  000BE5      17AC       0  CODE        2
                text5                          000BE5  000012  000BF7      17CA       0  CODE        2
                inittext                       000BF7  000013  000C0A      17EE       0  CODE        2
                idataBANK1                     000C0A  000017  000C21      1814       0  CODE        2
                text4                          000C21  000021  000C42      1842       0  CODE        2
                text1                          000C42  000021  000C63      1884       0  CODE        2
                text17                         000C63  000025  000C88      18C6       0  CODE        2
                text8                          000C88  000028  000CB0      1910       0  CODE        2
                text3                          000CB0  000028  000CD8      1960       0  CODE        2
                text14                         000CD8  000029  000D01      19B0       0  CODE        2
                text20                         000D01  00002B  000D2C      1A02       0  CODE        2
                text7                          000D2C  000054  000D80      1A58       0  CODE        2
                text18                         000D80  00005B  000DDB      1B00       0  CODE        2
                text19                         000DDB  000069  000E44      1BB6       0  CODE        2
                text12                         000E44  00007C  000EC0      1C88       0  CODE        2
                text16                         000EC0  000096  000F56      1D80       0  CODE        2
                text9                          000F56  0000AA  001000      1EAC       0  CODE        2


UNUSED ADDRESS RANGES

        Name                Unused          Largest block    Delta
        BANK1            00C6-00EF             2A           1
        BANK2            0110-016F             60           1
        BANK3            0190-01EF             60           1
        CODE             0003-0003              1           2
                         07FF-07FF              1
                         080D-0BC2            3B6
                         1000-1FFF            800
        COMMON           007C-007D              2           1
        CONST            0003-0003              1           2
                         07FF-07FF              1
                         080D-0BC2            100
                         1000-1FFF            100
        EEDATA           2100-21FF            100           2
        ENTRY            0003-0003              1           2
                         07FF-07FF              1
                         080D-0BC2            100
                         1000-1FFF            100
        IDLOC            2000-2003              4           2
        RAM              00C6-00EF             2A           1
                         0110-016F             60
                         0190-01EF             60
        SFR0             0000-001F             20           1
        SFR1             0080-009F             20           1
        SFR2             0100-010F             10           1
        SFR3             0180-018F             10           1
        STACK            0110-016F             60           1
        STRCODE          0003-0003              1           2
                         07FF-07FF              1
                         080D-0BC2            3B6
                         1000-1FFF           1000
        STRING           0003-0003              1           2
                         07FF-07FF              1
                         080D-0BC2            100
                         1000-1FFF            100

                                  Symbol Table

?__Umul8_16                  cstackCOMMON 0072
?___awdiv                    cstackCOMMON 0072
?___awmod                    cstackBANK0  0024
?___fldiv                    cstackCOMMON 0072
?___flmul                    cstackBANK0  0026
?___fltol                    cstackBANK0  0040
?___wmul                     cstackCOMMON 0072
?___xxtofl                   cstackCOMMON 0072
?_getRealTemperature         cstackBANK0  004B
?_read_ADC                   cstackCOMMON 0072
_ADCON0                      (abs)        001F
_ADCON1                      (abs)        009F
_ADRESH                      (abs)        001E
_ADRESL                      (abs)        009E
_INTCON                      (abs)        000B
_ISR                         text20       0D01
_OPTION_REG                  (abs)        0081
_PORTA                       (abs)        0005
_PORTB                       (abs)        0006
_PORTC                       (abs)        0007
_PORTD                       (abs)        0008
_PORTE                       (abs)        0009
_TMR0                        (abs)        0001
_TRISA                       (abs)        0085
_TRISB                       (abs)        0086
_TRISC                       (abs)        0087
_TRISD                       (abs)        0088
_TRISE                       (abs)        0089
__Habs1                      abs1         0000
__Hbank0                     bank0        0000
__Hbank1                     bank1        0000
__Hbank2                     bank2        0000
__Hbank3                     bank3        0000
__HbssBANK0                  bssBANK0     0000
__HbssBANK1                  bssBANK1     0000
__HbssCOMMON                 bssCOMMON    0000
__Hcinit                     cinit        0040
__Hclrtext                   clrtext      0000
__Hcode                      code         0000
__Hcommon                    common       0000
__Hconfig                    config       2008
__HcstackBANK0               cstackBANK0  0000
__HcstackCOMMON              cstackCOMMON 0000
__HdataBANK0                 dataBANK0    0000
__HdataBANK1                 dataBANK1    0000
__Heeprom_data               eeprom_data  0000
__Hend_init                  end_init     000F
__Hfunctab                   functab      0000
__HidataBANK0                idataBANK0   0000
__HidataBANK1                idataBANK1   0000
__Hinit                      init         000C
__Hinittext                  inittext     0000
__Hintentry                  intentry     000C
__Hmaintext                  maintext     0000
__Hpowerup                   powerup      0000
__Hram                       ram          0000
__Hreset_vec                 reset_vec    0003
__Hsfr0                      sfr0         0000
__Hsfr1                      sfr1         0000
__Hsfr2                      sfr2         0000
__Hsfr3                      sfr3         0000
__Hspace_0                   (abs)        1000
__Hspace_1                   (abs)        00C6
__Hspace_2                   (abs)        0000
__Hspace_3                   (abs)        0000
__Hspace_4                   (abs)        400F
__Hstack                     stack        0000
__Hstrings                   strings      0000
__Htext                      text         0000
__Labs1                      abs1         0000
__Lbank0                     bank0        0000
__Lbank1                     bank1        0000
__Lbank2                     bank2        0000
__Lbank3                     bank3        0000
__LbssBANK0                  bssBANK0     0000
__LbssBANK1                  bssBANK1     0000
__LbssCOMMON                 bssCOMMON    0000
__Lcinit                     cinit        000F
__Lclrtext                   clrtext      0000
__Lcode                      code         0000
__Lcommon                    common       0000
__Lconfig                    config       0000
__LcstackBANK0               cstackBANK0  0000
__LcstackCOMMON              cstackCOMMON 0000
__LdataBANK0                 dataBANK0    0000
__LdataBANK1                 dataBANK1    0000
__Leeprom_data               eeprom_data  0000
__Lend_init                  end_init     000C
__Lfunctab                   functab      0000
__LidataBANK0                idataBANK0   0000
__LidataBANK1                idataBANK1   0000
__Linit                      init         000C
__Linittext                  inittext     0000
__Lintentry                  intentry     0004
__Lmaintext                  maintext     0000
__Lpowerup                   powerup      0000
__Lram                       ram          0000
__Lreset_vec                 reset_vec    0000
__Lsfr0                      sfr0         0000
__Lsfr1                      sfr1         0000
__Lsfr2                      sfr2         0000
__Lsfr3                      sfr3         0000
__Lspace_0                   (abs)        0000
__Lspace_1                   (abs)        0000
__Lspace_2                   (abs)        0000
__Lspace_3                   (abs)        0000
__Lspace_4                   (abs)        0000
__Lstack                     stack        0000
__Lstrings                   strings      0000
__Ltext                      text         0000
__S0                         (abs)        1000
__S1                         (abs)        00C6
__S2                         (abs)        0000
__S3                         (abs)        0000
__Umul8_16                   text14       0CD8
__Umul8_16@multiplicand      cstackCOMMON 0072
__Umul8_16@multiplier        cstackBANK0  0024
__Umul8_16@product           cstackBANK0  0020
__Umul8_16@word_mpld         cstackBANK0  0022
___awdiv                     text19       0DDB
___awdiv@counter             cstackBANK0  0020
___awdiv@dividend            cstackCOMMON 0074
___awdiv@divisor             cstackCOMMON 0072
___awdiv@quotient            cstackBANK0  0022
___awdiv@sign                cstackBANK0  0021
___awmod                     text18       0D80
___awmod@counter             cstackCOMMON 0078
___awmod@dividend            cstackBANK0  0026
___awmod@divisor             cstackBANK0  0024
___awmod@sign                cstackCOMMON 0079
___fldiv                     text15       03A1
___fldiv@a                   cstackCOMMON 0072
___fldiv@aexp                cstackBANK0  0031
___fldiv@b                   cstackCOMMON 0076
___fldiv@bexp                cstackBANK0  0030
___fldiv@grs                 cstackBANK0  002C
___fldiv@new_exp             cstackBANK0  002A
___fldiv@rem                 cstackBANK0  0025
___fldiv@sign                cstackBANK0  0029
___flmul                     text13       0040
___flmul@a                   cstackBANK0  002A
___flmul@aexp                cstackBANK0  0034
___flmul@b                   cstackBANK0  0026
___flmul@bexp                cstackBANK0  0039
___flmul@grs                 cstackBANK0  0035
___flmul@prod                cstackBANK0  003A
___flmul@sign                cstackBANK0  0033
___flmul@temp                cstackBANK0  003E
___fltol                     text12       0E44
___fltol@exp1                cstackBANK0  004A
___fltol@f1                  cstackBANK0  0040
___fltol@sign1               cstackBANK0  0049
___int_sp                    stack        0000
___latbits                   (abs)        0002
___sp                        stack        0000
___stackhi                   (abs)        0000
___stacklo                   (abs)        0000
___wmul                      text17       0C63
___wmul@multiplicand         cstackCOMMON 0074
___wmul@multiplier           cstackCOMMON 0072
___wmul@product              cstackCOMMON 0076
___xxtofl                    text11       071E
___xxtofl@arg                cstackBANK0  0022
___xxtofl@exp                cstackBANK0  0021
___xxtofl@sign               cstackBANK0  0020
___xxtofl@val                cstackCOMMON 0072
__end_of_ISR                 text20       0D2C
__end_of__Umul8_16           text14       0D01
__end_of___awdiv             text19       0E44
__end_of___awmod             text18       0DDB
__end_of___fldiv             text15       0584
__end_of___flmul             text13       03A1
__end_of___fltol             text12       0EC0
__end_of___wmul              text17       0C88
__end_of___xxtofl            text11       07DA
__end_of__initialization     cinit        003C
__end_of__stringtab          strings      0806
__end_of_checkKeypad         text16       0F56
__end_of_colMask             strings      080D
__end_of_getRealTemperature  text9        1000
__end_of_initDisplayLCD      text7        0D80
__end_of_initPic             text6        0BE5
__end_of_init_ADC            text5        0BF7
__end_of_main                maintext     071E
__end_of_manageTemperature   text4        0C42
__end_of_read_ADC            text10       07FF
__end_of_rowMask             strings      080A
__end_of_sendCommand         text8        0CB0
__end_of_sendData            text3        0CD8
__end_of_write_char          text2        0BCE
__end_of_write_string        text1        0C63
__initialization             cinit        000F
__pbssBANK0                  bssBANK0     0064
__pbssBANK1                  bssBANK1     00B7
__pbssCOMMON                 bssCOMMON    007A
__pcstackBANK0               cstackBANK0  0020
__pcstackCOMMON              cstackCOMMON 0070
__pdataBANK0                 dataBANK0    006D
__pdataBANK1                 dataBANK1    00A0
__pidataBANK0                idataBANK0   0BC3
__pidataBANK1                idataBANK1   0C0A
__pintentry                  intentry     0004
__pmaintext                  maintext     0584
__pstrings                   strings      0800
__ptext1                     text1        0C42
__ptext10                    text10       07DA
__ptext11                    text11       071E
__ptext12                    text12       0E44
__ptext13                    text13       0040
__ptext14                    text14       0CD8
__ptext15                    text15       03A1
__ptext16                    text16       0EC0
__ptext17                    text17       0C63
__ptext18                    text18       0D80
__ptext19                    text19       0DDB
__ptext2                     text2        0BC6
__ptext20                    text20       0D01
__ptext3                     text3        0CB0
__ptext4                     text4        0C21
__ptext5                     text5        0BE5
__ptext6                     text6        0BD6
__ptext7                     text7        0D2C
__ptext8                     text8        0C88
__ptext9                     text9        0F56
__size_of_ISR                (abs)        0000
__size_of__Umul8_16          (abs)        0000
__size_of___awdiv            (abs)        0000
__size_of___awmod            (abs)        0000
__size_of___fldiv            (abs)        0000
__size_of___flmul            (abs)        0000
__size_of___fltol            (abs)        0000
__size_of___wmul             (abs)        0000
__size_of___xxtofl           (abs)        0000
__size_of_checkKeypad        (abs)        0000
__size_of_getRealTemperature (abs)        0000
__size_of_initDisplayLCD     (abs)        0000
__size_of_initPic            (abs)        0000
__size_of_init_ADC           (abs)        0000
__size_of_main               (abs)        0000
__size_of_manageTemperature  (abs)        0000
__size_of_read_ADC           (abs)        0000
__size_of_sendCommand        (abs)        0000
__size_of_sendData           (abs)        0000
__size_of_write_char         (abs)        0000
__size_of_write_string       (abs)        0000
__stringbase                 strings      0805
__stringtab                  strings      0800
_c1                          bssBANK0     006A
_c2                          bssBANK0     0069
_c3                          bssBANK0     0068
_c4                          bssBANK1     00C5
_change                      dataBANK0    006F
_checkKeypad                 text16       0EC0
_colMask                     strings      080A
_colScan                     bssCOMMON    007B
_count                       bssBANK1     00C3
_delayBtn                    bssBANK1     00BF
_getRealTemperature          text9        0F56
_initDisplayLCD              text7        0D2C
_initPic                     text6        0BD6
_init_ADC                    text5        0BE5
_keyok                       bssBANK0     006B
_keypressed                  bssBANK0     006C
_main                        maintext     0584
_manageTemperature           text4        0C21
_pwm                         bssBANK1     00C1
_read_ADC                    text10       07DA
_rowMask                     strings      0806
_rowScan                     bssCOMMON    007A
_sendCommand                 text8        0C88
_sendData                    text3        0CB0
_setpointTemperature         dataBANK0    006D
_t1                          bssBANK0     0067
_t2                          bssBANK0     0066
_temp                        bssBANK1     00B7
_temp1                       bssBANK0     0064
_val_ADC                     dataBANK1    00B3
_volt                        bssBANK1     00BB
_write_char                  text2        0BC6
_write_string                text1        0C42
btemp                        (abs)        007E
clear_ram0                   clrtext      0BCE
end_of_initialization        cinit        003C
init_fetch0                  inittext     0BF7
init_ram0                    inittext     0BFB
interrupt_function           intentry     0004
intlevel0                    functab      0000
intlevel1                    functab      0000
intlevel2                    functab      0000
intlevel3                    functab      0000
intlevel4                    functab      0000
intlevel5                    functab      0000
main@F892                    dataBANK1    00AC
main@F894                    dataBANK1    00A0
main@setPointString          cstackBANK0  0051
main@tempString              cstackBANK0  005D
manageTemperature@t1         cstackBANK0  0020
manageTemperature@t2         cstackBANK0  0022
read_ADC@ch                  cstackCOMMON 0075
reset_vec                    reset_vec    0000
saved_w                      (abs)        007E
sendCommand@cmd              cstackCOMMON 0074
sendData@d                   cstackCOMMON 0074
start                        init         000C
start_initialization         cinit        000F
write_char@c                 cstackCOMMON 0075
write_string@i               cstackCOMMON 0076
write_string@scritta         cstackCOMMON 0078
wtemp0                       (abs)        007E


FUNCTION INFORMATION:

 *************** function _main *****************
 Defined at:
		line 64 in file "main.c"
 Parameters:    Size  Location     Type
		None
 Auto vars:     Size  Location     Type
  setPointStri   12   49[BANK0 ] unsigned char [12]
  tempString      7   61[BANK0 ] unsigned char [7]
 Return value:  Size  Location     Type
                  1    wreg      void 
 Registers used:
		wreg, fsr0l, fsr0h, status,2, status,0, btemp+1, pclath, cstack
 Tracked objects:
		On entry : 
		On exit  : 
		Unchanged: 
 Data sizes:     COMMON   BANK0   BANK1   BANK3   BANK2
      Params:         0       0       0       0       0
      Locals:         0      19       0       0       0
      Temps:          0       4       0       0       0
      Totals:         0      23       0       0       0
Total ram usage:       23 bytes
 Hardware stack levels required when called:    4
 This function calls:
		___awdiv
		___awmod
		___wmul
		_checkKeypad
		_getRealTemperature
		_initDisplayLCD
		_initPic
		_init_ADC
		_manageTemperature
		_sendCommand
		_write_char
		_write_string
 This function is called by:
		Startup code after reset
 This function uses a non-reentrant model


 *************** function _write_string *****************
 Defined at:
		line 173 in file "main.c"
 Parameters:    Size  Location     Type
  scritta         1    wreg     PTR unsigned char 
		 -> main@setPointString(12), main@tempString(7), 
 Auto vars:     Size  Location     Type
  scritta         1    8[COMMON] PTR unsigned char 
		 -> main@setPointString(12), main@tempString(7), 
  i               2    6[COMMON] int 
 Return value:  Size  Location     Type
                  1    wreg      void 
 Registers used:
		wreg, fsr0l, fsr0h, status,2, status,0, pclath, cstack
 Tracked objects:
		On entry : 
		On exit  : 
		Unchanged: 
 Data sizes:     COMMON   BANK0   BANK1   BANK3   BANK2
      Params:         0       0       0       0       0
      Locals:         3       0       0       0       0
      Temps:          1       0       0       0       0
      Totals:         4       0       0       0       0
Total ram usage:        4 bytes
 Hardware stack levels used:    1
 Hardware stack levels required when called:    2
 This function calls:
		_sendData
 This function is called by:
		_main
 This function uses a non-reentrant model


 *************** function _write_char *****************
 Defined at:
		line 182 in file "main.c"
 Parameters:    Size  Location     Type
  c               1    wreg     unsigned char 
 Auto vars:     Size  Location     Type
  c               1    5[COMMON] unsigned char 
 Return value:  Size  Location     Type
                  1    wreg      void 
 Registers used:
		wreg, status,2, status,0, pclath, cstack
 Tracked objects:
		On entry : 
		On exit  : 
		Unchanged: 
 Data sizes:     COMMON   BANK0   BANK1   BANK3   BANK2
      Params:         0       0       0       0       0
      Locals:         1       0       0       0       0
      Temps:          0       0       0       0       0
      Totals:         1       0       0       0       0
Total ram usage:        1 bytes
 Hardware stack levels used:    1
 Hardware stack levels required when called:    2
 This function calls:
		_sendData
 This function is called by:
		_main
 This function uses a non-reentrant model


 *************** function _sendData *****************
 Defined at:
		line 234 in file "main.c"
 Parameters:    Size  Location     Type
  d               1    wreg     unsigned char 
 Auto vars:     Size  Location     Type
  d               1    4[COMMON] unsigned char 
 Return value:  Size  Location     Type
                  1    wreg      void 
 Registers used:
		wreg, status,2
 Tracked objects:
		On entry : 
		On exit  : 
		Unchanged: 
 Data sizes:     COMMON   BANK0   BANK1   BANK3   BANK2
      Params:         0       0       0       0       0
      Locals:         1       0       0       0       0
      Temps:          2       0       0       0       0
      Totals:         3       0       0       0       0
Total ram usage:        3 bytes
 Hardware stack levels used:    1
 Hardware stack levels required when called:    1
 This function calls:
		Nothing
 This function is called by:
		_write_string
		_write_char
 This function uses a non-reentrant model


 *************** function _manageTemperature *****************
 Defined at:
		line 119 in file "main.c"
 Parameters:    Size  Location     Type
  t1              2    0[BANK0 ] int 
  t2              2    2[BANK0 ] int 
 Auto vars:     Size  Location     Type
		None
 Return value:  Size  Location     Type
                  1    wreg      void 
 Registers used:
		wreg, status,2
 Tracked objects:
		On entry : 
		On exit  : 
		Unchanged: 
 Data sizes:     COMMON   BANK0   BANK1   BANK3   BANK2
      Params:         0       4       0       0       0
      Locals:         0       0       0       0       0
      Temps:          1       0       0       0       0
      Totals:         1       4       0       0       0
Total ram usage:        5 bytes
 Hardware stack levels used:    1
 Hardware stack levels required when called:    1
 This function calls:
		Nothing
 This function is called by:
		_main
 This function uses a non-reentrant model


 *************** function _init_ADC *****************
 Defined at:
		line 186 in file "main.c"
 Parameters:    Size  Location     Type
		None
 Auto vars:     Size  Location     Type
		None
 Return value:  Size  Location     Type
                  1    wreg      void 
 Registers used:
		wreg, status,2
 Tracked objects:
		On entry : 
		On exit  : 
		Unchanged: 
 Data sizes:     COMMON   BANK0   BANK1   BANK3   BANK2
      Params:         0       0       0       0       0
      Locals:         0       0       0       0       0
      Temps:          1       0       0       0       0
      Totals:         1       0       0       0       0
Total ram usage:        1 bytes
 Hardware stack levels used:    1
 Hardware stack levels required when called:    1
 This function calls:
		Nothing
 This function is called by:
		_main
 This function uses a non-reentrant model


 *************** function _initPic *****************
 Defined at:
		line 193 in file "main.c"
 Parameters:    Size  Location     Type
		None
 Auto vars:     Size  Location     Type
		None
 Return value:  Size  Location     Type
                  1    wreg      void 
 Registers used:
		wreg, status,2
 Tracked objects:
		On entry : 
		On exit  : 
		Unchanged: 
 Data sizes:     COMMON   BANK0   BANK1   BANK3   BANK2
      Params:         0       0       0       0       0
      Locals:         0       0       0       0       0
      Temps:          0       0       0       0       0
      Totals:         0       0       0       0       0
Total ram usage:        0 bytes
 Hardware stack levels used:    1
 Hardware stack levels required when called:    1
 This function calls:
		Nothing
 This function is called by:
		_main
 This function uses a non-reentrant model


 *************** function _initDisplayLCD *****************
 Defined at:
		line 205 in file "main.c"
 Parameters:    Size  Location     Type
		None
 Auto vars:     Size  Location     Type
		None
 Return value:  Size  Location     Type
                  1    wreg      void 
 Registers used:
		wreg, status,2, status,0, pclath, cstack
 Tracked objects:
		On entry : 
		On exit  : 
		Unchanged: 
 Data sizes:     COMMON   BANK0   BANK1   BANK3   BANK2
      Params:         0       0       0       0       0
      Locals:         0       0       0       0       0
      Temps:          2       0       0       0       0
      Totals:         2       0       0       0       0
Total ram usage:        2 bytes
 Hardware stack levels used:    1
 Hardware stack levels required when called:    2
 This function calls:
		_sendCommand
 This function is called by:
		_main
 This function uses a non-reentrant model


 *************** function _sendCommand *****************
 Defined at:
		line 223 in file "main.c"
 Parameters:    Size  Location     Type
  cmd             1    wreg     unsigned char 
 Auto vars:     Size  Location     Type
  cmd             1    4[COMMON] unsigned char 
 Return value:  Size  Location     Type
                  1    wreg      void 
 Registers used:
		wreg, status,2
 Tracked objects:
		On entry : 
		On exit  : 
		Unchanged: 
 Data sizes:     COMMON   BANK0   BANK1   BANK3   BANK2
      Params:         0       0       0       0       0
      Locals:         1       0       0       0       0
      Temps:          2       0       0       0       0
      Totals:         3       0       0       0       0
Total ram usage:        3 bytes
 Hardware stack levels used:    1
 Hardware stack levels required when called:    1
 This function calls:
		Nothing
 This function is called by:
		_main
		_initDisplayLCD
 This function uses a non-reentrant model


 *************** function _getRealTemperature *****************
 Defined at:
		line 110 in file "main.c"
 Parameters:    Size  Location     Type
		None
 Auto vars:     Size  Location     Type
		None
 Return value:  Size  Location     Type
                  2   43[BANK0 ] int 
 Registers used:
		wreg, status,2, status,0, btemp+1, pclath, cstack
 Tracked objects:
		On entry : 
		On exit  : 
		Unchanged: 
 Data sizes:     COMMON   BANK0   BANK1   BANK3   BANK2
      Params:         0       2       0       0       0
      Locals:         0       0       0       0       0
      Temps:          0       0       0       0       0
      Totals:         0       2       0       0       0
Total ram usage:        2 bytes
 Hardware stack levels used:    1
 Hardware stack levels required when called:    3
 This function calls:
		___fldiv
		___flmul
		___fltol
		___xxtofl
		_read_ADC
 This function is called by:
		_main
 This function uses a non-reentrant model


 *************** function _read_ADC *****************
 Defined at:
		line 164 in file "main.c"
 Parameters:    Size  Location     Type
  ch              1    wreg     unsigned char 
 Auto vars:     Size  Location     Type
  ch              1    5[COMMON] unsigned char 
 Return value:  Size  Location     Type
                  2    2[COMMON] int 
 Registers used:
		wreg, status,2, status,0
 Tracked objects:
		On entry : 
		On exit  : 
		Unchanged: 
 Data sizes:     COMMON   BANK0   BANK1   BANK3   BANK2
      Params:         2       0       0       0       0
      Locals:         1       0       0       0       0
      Temps:          1       0       0       0       0
      Totals:         4       0       0       0       0
Total ram usage:        4 bytes
 Hardware stack levels used:    1
 Hardware stack levels required when called:    1
 This function calls:
		Nothing
 This function is called by:
		_getRealTemperature
 This function uses a non-reentrant model


 *************** function ___xxtofl *****************
 Defined at:
		line 10 in file "C:\Program Files\Microchip\xc8\v2.31\pic\sources\c90\common\xxtofl.c"
 Parameters:    Size  Location     Type
  sign            1    wreg     unsigned char 
  val             4    2[COMMON] long 
 Auto vars:     Size  Location     Type
  sign            1    0[BANK0 ] unsigned char 
  arg             4    2[BANK0 ] unsigned long 
  exp             1    1[BANK0 ] unsigned char 
 Return value:  Size  Location     Type
                  4    2[COMMON] unsigned char 
 Registers used:
		wreg, status,2, status,0
 Tracked objects:
		On entry : 
		On exit  : 
		Unchanged: 
 Data sizes:     COMMON   BANK0   BANK1   BANK3   BANK2
      Params:         4       0       0       0       0
      Locals:         0       6       0       0       0
      Temps:          4       0       0       0       0
      Totals:         8       6       0       0       0
Total ram usage:       14 bytes
 Hardware stack levels used:    1
 Hardware stack levels required when called:    1
 This function calls:
		Nothing
 This function is called by:
		_getRealTemperature
 This function uses a non-reentrant model


 *************** function ___fltol *****************
 Defined at:
		line 43 in file "C:\Program Files\Microchip\xc8\v2.31\pic\sources\c90\common\fltol.c"
 Parameters:    Size  Location     Type
  f1              4   32[BANK0 ] unsigned char 
 Auto vars:     Size  Location     Type
  exp1            1   42[BANK0 ] unsigned char 
  sign1           1   41[BANK0 ] unsigned char 
 Return value:  Size  Location     Type
                  4   32[BANK0 ] long 
 Registers used:
		wreg, status,2, status,0
 Tracked objects:
		On entry : 
		On exit  : 
		Unchanged: 
 Data sizes:     COMMON   BANK0   BANK1   BANK3   BANK2
      Params:         0       4       0       0       0
      Locals:         0       2       0       0       0
      Temps:          0       5       0       0       0
      Totals:         0      11       0       0       0
Total ram usage:       11 bytes
 Hardware stack levels used:    1
 Hardware stack levels required when called:    1
 This function calls:
		Nothing
 This function is called by:
		_getRealTemperature
 This function uses a non-reentrant model


 *************** function ___flmul *****************
 Defined at:
		line 8 in file "C:\Program Files\Microchip\xc8\v2.31\pic\sources\c90\common\sprcmul.c"
 Parameters:    Size  Location     Type
  b               4    6[BANK0 ] long 
  a               4   10[BANK0 ] long 
 Auto vars:     Size  Location     Type
  prod            4   26[BANK0 ] struct .
  grs             4   21[BANK0 ] unsigned long 
  temp            2   30[BANK0 ] struct .
  bexp            1   25[BANK0 ] unsigned char 
  aexp            1   20[BANK0 ] unsigned char 
  sign            1   19[BANK0 ] unsigned char 
 Return value:  Size  Location     Type
                  4    6[BANK0 ] unsigned char 
 Registers used:
		wreg, status,2, status,0, btemp+1, pclath, cstack
 Tracked objects:
		On entry : 
		On exit  : 
		Unchanged: 
 Data sizes:     COMMON   BANK0   BANK1   BANK3   BANK2
      Params:         0       8       0       0       0
      Locals:         0      13       0       0       0
      Temps:          0       5       0       0       0
      Totals:         0      26       0       0       0
Total ram usage:       26 bytes
 Hardware stack levels used:    1
 Hardware stack levels required when called:    2
 This function calls:
		__Umul8_16
 This function is called by:
		_getRealTemperature
 This function uses a non-reentrant model


 *************** function __Umul8_16 *****************
 Defined at:
		line 4 in file "C:\Program Files\Microchip\xc8\v2.31\pic\sources\c90\common\Umul8_16.c"
 Parameters:    Size  Location     Type
  multiplier      1    wreg     unsigned char 
  multiplicand    1    2[COMMON] unsigned char 
 Auto vars:     Size  Location     Type
  multiplier      1    4[BANK0 ] unsigned char 
  word_mpld       2    2[BANK0 ] unsigned int 
  product         2    0[BANK0 ] unsigned int 
 Return value:  Size  Location     Type
                  2    2[COMMON] unsigned int 
 Registers used:
		wreg, status,2, status,0
 Tracked objects:
		On entry : 
		On exit  : 
		Unchanged: 
 Data sizes:     COMMON   BANK0   BANK1   BANK3   BANK2
      Params:         2       0       0       0       0
      Locals:         0       5       0       0       0
      Temps:          2       0       0       0       0
      Totals:         4       5       0       0       0
Total ram usage:        9 bytes
 Hardware stack levels used:    1
 Hardware stack levels required when called:    1
 This function calls:
		Nothing
 This function is called by:
		___flmul
 This function uses a non-reentrant model


 *************** function ___fldiv *****************
 Defined at:
		line 8 in file "C:\Program Files\Microchip\xc8\v2.31\pic\sources\c90\common\sprcdiv.c"
 Parameters:    Size  Location     Type
  a               4    2[COMMON] unsigned int 
  b               4    6[COMMON] unsigned int 
 Auto vars:     Size  Location     Type
  grs             4   12[BANK0 ] unsigned long 
  rem             4    5[BANK0 ] unsigned long 
  new_exp         2   10[BANK0 ] int 
  aexp            1   17[BANK0 ] unsigned char 
  bexp            1   16[BANK0 ] unsigned char 
  sign            1    9[BANK0 ] unsigned char 
 Return value:  Size  Location     Type
                  4    2[COMMON] unsigned char 
 Registers used:
		wreg, status,2, status,0, btemp+1
 Tracked objects:
		On entry : 
		On exit  : 
		Unchanged: 
 Data sizes:     COMMON   BANK0   BANK1   BANK3   BANK2
      Params:         8       0       0       0       0
      Locals:         0      13       0       0       0
      Temps:          0       5       0       0       0
      Totals:         8      18       0       0       0
Total ram usage:       26 bytes
 Hardware stack levels used:    1
 Hardware stack levels required when called:    1
 This function calls:
		Nothing
 This function is called by:
		_getRealTemperature
 This function uses a non-reentrant model


 *************** function _checkKeypad *****************
 Defined at:
		line 128 in file "main.c"
 Parameters:    Size  Location     Type
		None
 Auto vars:     Size  Location     Type
		None
 Return value:  Size  Location     Type
                  1    wreg      void 
 Registers used:
		wreg, fsr0l, fsr0h, status,2, status,0, btemp+1, pclath
 Tracked objects:
		On entry : 
		On exit  : 
		Unchanged: 
 Data sizes:     COMMON   BANK0   BANK1   BANK3   BANK2
      Params:         0       0       0       0       0
      Locals:         0       0       0       0       0
      Temps:          2       0       0       0       0
      Totals:         2       0       0       0       0
Total ram usage:        2 bytes
 Hardware stack levels used:    2
 Hardware stack levels required when called:    1
 This function calls:
		Nothing
 This function is called by:
		_main
 This function uses a non-reentrant model


 *************** function ___wmul *****************
 Defined at:
		line 15 in file "C:\Program Files\Microchip\xc8\v2.31\pic\sources\c90\common\Umul16.c"
 Parameters:    Size  Location     Type
  multiplier      2    2[COMMON] unsigned int 
  multiplicand    2    4[COMMON] unsigned int 
 Auto vars:     Size  Location     Type
  product         2    6[COMMON] unsigned int 
 Return value:  Size  Location     Type
                  2    2[COMMON] unsigned int 
 Registers used:
		wreg, status,2, status,0
 Tracked objects:
		On entry : 
		On exit  : 
		Unchanged: 
 Data sizes:     COMMON   BANK0   BANK1   BANK3   BANK2
      Params:         4       0       0       0       0
      Locals:         2       0       0       0       0
      Temps:          0       0       0       0       0
      Totals:         6       0       0       0       0
Total ram usage:        6 bytes
 Hardware stack levels used:    1
 Hardware stack levels required when called:    1
 This function calls:
		Nothing
 This function is called by:
		_main
 This function uses a non-reentrant model


 *************** function ___awmod *****************
 Defined at:
		line 5 in file "C:\Program Files\Microchip\xc8\v2.31\pic\sources\c90\common\awmod.c"
 Parameters:    Size  Location     Type
  divisor         2    4[BANK0 ] int 
  dividend        2    6[BANK0 ] int 
 Auto vars:     Size  Location     Type
  sign            1    9[COMMON] unsigned char 
  counter         1    8[COMMON] unsigned char 
 Return value:  Size  Location     Type
                  2    4[BANK0 ] int 
 Registers used:
		wreg, status,2, status,0
 Tracked objects:
		On entry : 
		On exit  : 
		Unchanged: 
 Data sizes:     COMMON   BANK0   BANK1   BANK3   BANK2
      Params:         0       4       0       0       0
      Locals:         2       0       0       0       0
      Temps:          1       0       0       0       0
      Totals:         3       4       0       0       0
Total ram usage:        7 bytes
 Hardware stack levels used:    1
 Hardware stack levels required when called:    1
 This function calls:
		Nothing
 This function is called by:
		_main
 This function uses a non-reentrant model


 *************** function ___awdiv *****************
 Defined at:
		line 5 in file "C:\Program Files\Microchip\xc8\v2.31\pic\sources\c90\common\awdiv.c"
 Parameters:    Size  Location     Type
  divisor         2    2[COMMON] int 
  dividend        2    4[COMMON] int 
 Auto vars:     Size  Location     Type
  quotient        2    2[BANK0 ] int 
  sign            1    1[BANK0 ] unsigned char 
  counter         1    0[BANK0 ] unsigned char 
 Return value:  Size  Location     Type
                  2    2[COMMON] int 
 Registers used:
		wreg, status,2, status,0
 Tracked objects:
		On entry : 
		On exit  : 
		Unchanged: 
 Data sizes:     COMMON   BANK0   BANK1   BANK3   BANK2
      Params:         4       0       0       0       0
      Locals:         0       4       0       0       0
      Temps:          1       0       0       0       0
      Totals:         5       4       0       0       0
Total ram usage:        9 bytes
 Hardware stack levels used:    1
 Hardware stack levels required when called:    1
 This function calls:
		Nothing
 This function is called by:
		_main
 This function uses a non-reentrant model


 *************** function _ISR *****************
 Defined at:
		line 245 in file "main.c"
 Parameters:    Size  Location     Type
		None
 Auto vars:     Size  Location     Type
		None
 Return value:  Size  Location     Type
                  1    wreg      void 
 Registers used:
		wreg, status,2, status,0
 Tracked objects:
		On entry : 
		On exit  : 
		Unchanged: 
 Data sizes:     COMMON   BANK0   BANK1   BANK3   BANK2
      Params:         0       0       0       0       0
      Locals:         0       0       0       0       0
      Temps:          2       0       0       0       0
      Totals:         2       0       0       0       0
Total ram usage:        2 bytes
 Hardware stack levels used:    1
 This function calls:
		Nothing
 This function is called by:
		Interrupt level 1
 This function uses a non-reentrant model



MODULE INFORMATION

Module		Function		Class		Link	Load	Size
C:\Program Files\Microchip\xc8\v2.31\pic\sources\c90\common\sprcmul.c
		___flmul       		CODE           	0040	0000	865

C:\Program Files\Microchip\xc8\v2.31\pic\sources\c90\common\sprcmul.c estimated size: 865

C:\Program Files\Microchip\xc8\v2.31\pic\sources\c90\common\sprcdiv.c
		___fldiv       		CODE           	03A1	0000	483

C:\Program Files\Microchip\xc8\v2.31\pic\sources\c90\common\sprcdiv.c estimated size: 483

C:\Program Files\Microchip\xc8\v2.31\pic\sources\c90\common\Umul8_16.c
		__Umul8_16     		CODE           	0CD8	0000	41

C:\Program Files\Microchip\xc8\v2.31\pic\sources\c90\common\Umul8_16.c estimated size: 41

C:\Program Files\Microchip\xc8\v2.31\pic\sources\c90\common\awmod.c
		___awmod       		CODE           	0D80	0000	91

C:\Program Files\Microchip\xc8\v2.31\pic\sources\c90\common\awmod.c estimated size: 91

C:\Program Files\Microchip\xc8\v2.31\pic\sources\c90\common\Umul16.c
		___wmul        		CODE           	0C63	0000	37

C:\Program Files\Microchip\xc8\v2.31\pic\sources\c90\common\Umul16.c estimated size: 37

C:\Program Files\Microchip\xc8\v2.31\pic\sources\c90\common\awdiv.c
		___awdiv       		CODE           	0DDB	0000	105

C:\Program Files\Microchip\xc8\v2.31\pic\sources\c90\common\awdiv.c estimated size: 105

shared
		__stringtab    		STRING         	0800	0000	6
		_rowMask       		STRING         	0806	0000	4
		__initialization		CODE           	000F	0000	45
		_colMask       		STRING         	080A	0000	3

shared estimated size: 58

C:\Program Files\Microchip\xc8\v2.31\pic\sources\c90\common\fltol.c
		___fltol       		CODE           	0E44	0000	124

C:\Program Files\Microchip\xc8\v2.31\pic\sources\c90\common\fltol.c estimated size: 124

C:\Program Files\Microchip\xc8\v2.31\pic\sources\c90\common\xxtofl.c
		___xxtofl      		CODE           	071E	0000	188

C:\Program Files\Microchip\xc8\v2.31\pic\sources\c90\common\xxtofl.c estimated size: 188

main.c
		_getRealTemperature		CODE           	0F56	0000	170
		_initPic       		CODE           	0BD6	0000	15
		_ISR           		CODE           	0D01	0000	43
		_initDisplayLCD		CODE           	0D2C	0000	84
		_main          		CODE           	0584	0000	410
		_write_char    		CODE           	0BC6	0000	8
		_write_string  		CODE           	0C42	0000	33
		_sendCommand   		CODE           	0C88	0000	40
		_init_ADC      		CODE           	0BE5	0000	18
		_sendData      		CODE           	0CB0	0000	40
		_read_ADC      		CODE           	07DA	0000	37
		_checkKeypad   		CODE           	0EC0	0000	150
		_manageTemperature		CODE           	0C21	0000	33

main.c estimated size: 1081

