Microchip MPLAB XC8 Compiler V2.31

Linker command line:

-W-3 --edf=C:\Program Files\Microchip\xc8\v2.31\pic\dat\en_msgs.txt -cn \
  -h+dist/default/production\ProgettoPrimaLezione.X.production.sym \
  --cmf=dist/default/production\ProgettoPrimaLezione.X.production.cmf -z \
  -Q16F628 -oC:\Users\ALESSA~1\AppData\Local\Temp\sd9c.2 \
  --defsym=__MPLAB_BUILD=1 \
  -Mdist/default/production/ProgettoPrimaLezione.X.production.map -E1 \
  -ver=XC8 Compiler --acfsm=1493 -ASTACK=0120h-014Fh -pstack=STACK \
  -ACODE=00h-07FFh -ASTRCODE=00h-07FFh -ASTRING=00h-0FFhx8 \
  -ACONST=00h-0FFhx8 -AENTRY=00h-0FFhx8 -ACOMMON=070h-07Fh \
  -ABANK0=020h-06Fh -ABANK1=0A0h-0EFh -ABANK2=0120h-014Fh \
  -ARAM=020h-06Fh,0A0h-0EFh,0120h-014Fh \
  -AABS1=020h-07Fh,0A0h-0EFh,0120h-014Fh -ASFR0=00h-01Fh -ASFR1=080h-09Fh \
  -ASFR2=0100h-011Fh -ASFR3=0180h-01EFh -ACONFIG=02007h-02007h -DCONFIG=2 \
  -AIDLOC=02000h-02003h -DIDLOC=2 -AEEDATA=00h-07Fh/02100h \
  -peeprom_data=EEDATA -DEEDATA=2 -DCODE=2 -DSTRCODE=2 -DSTRING=2 -DCONST=2 \
  -DENTRY=2 -preset_vec=00h,intentry,init,end_init -ppowerup=CODE \
  -pcinit=CODE -pfunctab=ENTRY -k \
  C:\Users\ALESSA~1\AppData\Local\Temp\sd9c.o \
  dist/default/production\ProgettoPrimaLezione.X.production.o 

Object code version is 3.11

Machine type is 16F628



                Name                               Link     Load   Length Selector   Space Scale
C:\Users\ALESSA~1\AppData\Local\Temp\sd9c.o
                end_init                              0        0        1        0       0
                config                             2007     2007        1        0       4
dist/default/production\ProgettoPrimaLezione.X.production.o
                cinit                               7F4      7F4        C      FE8       0
                config                             2007     2007        1        0       4
                maintext                            713      713       E1      E26       0
                cstackBANK0                          20       20       2E       20       1
                cstackCOMMON                         70       70        4       70       1
                inittext                            6E0      6E0        F      DC0       0
                dataBANK1                            A0       A0       24       A0       1
                idataBANK1                          6EF      6EF       24      DDE       0

TOTAL           Name                               Link     Load   Length     Space
        CLASS   STACK          

        CLASS   CODE           
                end_init                              0        0        1         0
                cinit                               7F4      7F4        C         0
                maintext                            713      713       E1         0
                inittext                            6E0      6E0        F         0
                idataBANK1                          6EF      6EF       24         0

        CLASS   STRCODE        

        CLASS   STRING         

        CLASS   CONST          

        CLASS   ENTRY          

        CLASS   COMMON         
                cstackCOMMON                         70       70        4         1

        CLASS   BANK0          
                cstackBANK0                          20       20       2E         1

        CLASS   BANK1          
                dataBANK1                            A0       A0       24         1

        CLASS   BANK2          

        CLASS   RAM            

        CLASS   ABS1           
                abs_s1                               7E       7E        2         1

        CLASS   SFR0           

        CLASS   SFR1           

        CLASS   SFR2           

        CLASS   SFR3           

        CLASS   CONFIG         
                config                             2007     2007        1         4

        CLASS   IDLOC          

        CLASS   EEDATA         

        CLASS   BANK3          



SEGMENTS        Name                           Load    Length   Top    Selector   Space  Class     Delta

                reset_vec                      000000  000001  000001         0       0  CODE        2
                cstackBANK0                    000020  00002E  00004E        20       1  BANK0       1
                cstackCOMMON                   000070  000004  000074        70       1  COMMON      1
                dataBANK1                      0000A0  000024  0000C4        A0       1  BANK1       1
                inittext                       0006E0  00000F  0006EF       DC0       0  CODE        2
                idataBANK1                     0006EF  000024  000713       DDE       0  CODE        2
                maintext                       000713  0000E1  0007F4       E26       0  CODE        2
                cinit                          0007F4  00000C  000800       FE8       0  CODE        2


UNUSED ADDRESS RANGES

        Name                Unused          Largest block    Delta
        BANK0            004E-006F             22           1
        BANK1            00C4-00EF             2C           1
        BANK2            0120-014F             30           1
        CODE             0001-06DF            6DF           2
        COMMON           0074-007D              A           1
        CONST            0001-06DF            100           2
        EEDATA           2100-217F             80           2
        ENTRY            0001-06DF            100           2
        IDLOC            2000-2003              4           2
        RAM              004E-006F             22           1
                         00C4-00EF             2C
                         0120-014F             30
        SFR0             0000-001F             20           1
        SFR1             0080-009F             20           1
        SFR2             0100-011F             20           1
        SFR3             0180-01EF             70           1
        STACK            0120-014F             30           1
        STRCODE          0001-06DF            6DF           2
        STRING           0001-06DF            100           2

                                  Symbol Table

_PORTA                   (abs)        0005
_PORTB                   (abs)        0006
_TRISA                   (abs)        0085
_TRISB                   (abs)        0086
__Habs1                  abs1         0000
__Hbank0                 bank0        0000
__Hbank1                 bank1        0000
__Hbank2                 bank2        0000
__Hbank3                 bank3        0000
__Hcinit                 cinit        0800
__Hclrtext               clrtext      0000
__Hcode                  code         0000
__Hcommon                common       0000
__Hconfig                config       2008
__HcstackBANK0           cstackBANK0  0000
__HcstackCOMMON          cstackCOMMON 0000
__HdataBANK1             dataBANK1    0000
__Heeprom_data           eeprom_data  0000
__Hend_init              end_init     0001
__Hfunctab               functab      0000
__HidataBANK1            idataBANK1   0000
__Hinit                  init         0000
__Hinittext              inittext     0000
__Hintentry              intentry     0000
__Hmaintext              maintext     0000
__Hpowerup               powerup      0000
__Hram                   ram          0000
__Hreset_vec             reset_vec    0000
__Hsfr0                  sfr0         0000
__Hsfr1                  sfr1         0000
__Hsfr2                  sfr2         0000
__Hsfr3                  sfr3         0000
__Hspace_0               (abs)        0800
__Hspace_1               (abs)        00C4
__Hspace_2               (abs)        0000
__Hspace_3               (abs)        0000
__Hspace_4               (abs)        400F
__Hstack                 stack        0000
__Hstrings               strings      0000
__Htext                  text         0000
__Labs1                  abs1         0000
__Lbank0                 bank0        0000
__Lbank1                 bank1        0000
__Lbank2                 bank2        0000
__Lbank3                 bank3        0000
__Lcinit                 cinit        07F4
__Lclrtext               clrtext      0000
__Lcode                  code         0000
__Lcommon                common       0000
__Lconfig                config       0000
__LcstackBANK0           cstackBANK0  0000
__LcstackCOMMON          cstackCOMMON 0000
__LdataBANK1             dataBANK1    0000
__Leeprom_data           eeprom_data  0000
__Lend_init              end_init     0000
__Lfunctab               functab      0000
__LidataBANK1            idataBANK1   0000
__Linit                  init         0000
__Linittext              inittext     0000
__Lintentry              intentry     0000
__Lmaintext              maintext     0000
__Lpowerup               powerup      0000
__Lram                   ram          0000
__Lreset_vec             reset_vec    0000
__Lsfr0                  sfr0         0000
__Lsfr1                  sfr1         0000
__Lsfr2                  sfr2         0000
__Lsfr3                  sfr3         0000
__Lspace_0               (abs)        0000
__Lspace_1               (abs)        0000
__Lspace_2               (abs)        0000
__Lspace_3               (abs)        0000
__Lspace_4               (abs)        0000
__Lstack                 stack        0000
__Lstrings               strings      0000
__Ltext                  text         0000
__S0                     (abs)        0800
__S1                     (abs)        00C4
__S2                     (abs)        0000
__S3                     (abs)        0000
___int_sp                stack        0000
___latbits               (abs)        0000
___sp                    stack        0000
___stackhi               (abs)        0000
___stacklo               (abs)        0000
__end_of__initialization cinit        07FE
__end_of_main            maintext     07F4
__initialization         cinit        07F4
__pcstackBANK0           cstackBANK0  0020
__pcstackCOMMON          cstackCOMMON 0070
__pdataBANK1             dataBANK1    00A0
__pidataBANK1            idataBANK1   06EF
__pmaintext              maintext     0713
__size_of_main           (abs)        0000
_main                    maintext     0713
btemp                    (abs)        007E
end_of_initialization    cinit        07FE
init_fetch0              inittext     06E0
init_ram0                inittext     06E4
intlevel0                functab      0000
intlevel1                functab      0000
intlevel2                functab      0000
intlevel3                functab      0000
intlevel4                functab      0000
intlevel5                functab      0000
main@F533                dataBANK1    00A0
main@button              cstackBANK0  004B
main@i                   cstackBANK0  0048
main@oldButton           cstackBANK0  004A
main@sequence            cstackBANK0  0020
main@state               cstackBANK0  0047
main@x                   cstackBANK0  004C
reset_vec                reset_vec    0000
start                    init         0000
start_initialization     cinit        07F4
wtemp0                   (abs)        007E


FUNCTION INFORMATION:

 *************** function _main *****************
 Defined at:
		line 29 in file "main.c"
 Parameters:    Size  Location     Type
		None
 Auto vars:     Size  Location     Type
  sequence       36    0[BANK0 ] unsigned char [36]
  x               2   44[BANK0 ] int 
  i               2   40[BANK0 ] int 
  k               2    0        int 
  button          1   43[BANK0 ] unsigned char 
  oldButton       1   42[BANK0 ] unsigned char 
  state           1   39[BANK0 ] unsigned char 
  oldPort         1    0        unsigned char 
  aux             1    0        unsigned char 
 Return value:  Size  Location     Type
                  1    wreg      void 
 Registers used:
		wreg, fsr0l, fsr0h, status,2, status,0, btemp+1
 Tracked objects:
		On entry : 
		On exit  : 
		Unchanged: 
 Data sizes:     COMMON   BANK0   BANK1   BANK2
      Params:         0       0       0       0
      Locals:         0      46       0       0
      Temps:          4       0       0       0
      Totals:         4      46       0       0
Total ram usage:       50 bytes
 This function calls:
		Nothing
 This function is called by:
		Startup code after reset
 This function uses a non-reentrant model



MODULE INFORMATION

Module		Function		Class		Link	Load	Size
shared
		__initialization		CODE           	07F4	0000	10

shared estimated size: 10

main.c
		_main          		CODE           	0713	0000	225

main.c estimated size: 225

