Microchip MPLAB XC8 Compiler V2.31

Linker command line:

-W-3 --edf=C:\Program Files\Microchip\xc8\v2.31\pic\dat\en_msgs.txt -cn \
  -h+dist/default/production\Vendrame_EsameFinale_Calcolatrice.X.production.sym \
  --cmf=dist/default/production\Vendrame_EsameFinale_Calcolatrice.X.production.cmf \
  -z -Q16F877A -oC:\Users\ALESSA~1\AppData\Local\Temp\sa4k.2 \
  --defsym=__MPLAB_BUILD=1 \
  -Mdist/default/production/Vendrame_EsameFinale_Calcolatrice.X.production.map \
  -E1 -ver=XC8 Compiler --acfsm=1493 -ASTACK=0110h-016Fh -pstack=STACK \
  -ACODE=00h-07FFhx4 -ASTRCODE=00h-01FFFh -ASTRING=00h-0FFhx32 \
  -ACONST=00h-0FFhx32 -AENTRY=00h-0FFhx32 -ACOMMON=070h-07Fh \
  -ABANK0=020h-06Fh -ABANK1=0A0h-0EFh -ABANK2=0110h-016Fh \
  -ABANK3=0190h-01EFh -ARAM=020h-06Fh,0A0h-0EFh,0110h-016Fh,0190h-01EFh \
  -AABS1=020h-07Fh,0A0h-0EFh,0110h-016Fh,0190h-01EFh -ASFR0=00h-01Fh \
  -ASFR1=080h-09Fh -ASFR2=0100h-010Fh -ASFR3=0180h-018Fh \
  -ACONFIG=02007h-02007h -DCONFIG=2 -AIDLOC=02000h-02003h -DIDLOC=2 \
  -AEEDATA=00h-0FFh/02100h -peeprom_data=EEDATA -DEEDATA=2 -DCODE=2 \
  -DSTRCODE=2 -DSTRING=2 -DCONST=2 -DENTRY=2 \
  -preset_vec=00h,intentry=04h,init,end_init -ppowerup=CODE -pcinit=CODE \
  -pfunctab=ENTRY -k C:\Users\ALESSA~1\AppData\Local\Temp\sa4k.o \
  dist/default/production\Vendrame_EsameFinale_Calcolatrice.X.production.o 

Object code version is 3.11

Machine type is 16F877A



                Name                               Link     Load   Length Selector   Space Scale
C:\Users\ALESSA~1\AppData\Local\Temp\sa4k.o
                end_init                             10       10        3        8       0
                reset_vec                             0        0        3        0       0
                config                             2007     2007        1        0       4
dist/default/production\Vendrame_EsameFinale_Calcolatrice.X.production.o
                cinit                                13       13       30        8       0
                intentry                              4        4        C        8       0
                config                             2007     2007        1        0       4
                text14                              3EA      3EA       3A        8       0
                text13                              4DF      4DF       2B      90E       0
                text12                              52E      52E       15      90E       0
                text11                              4B4      4B4       2B      90E       0
                text10                              575      575        8      90E       0
                text9                               424      424       33        8       0
                text8                               562      562        B      90E       0
                text7                               267      267       BD        8       0
                text6                                43       43      224        8       0
                text5                               324      324       73        8       0
                text4                               543      543       12      90E       0
                text3                               555      555        D      90E       0
                text2                               397      397       53        8       0
                text1                               50A      50A       24      90E       0
                maintext                            487      487       2D      90E       0
                cstackBANK0                          34       34        F       20       1
                cstackCOMMON                         70       70        8       70       1
                clrtext                             56D      56D        8      90E       0
                bssBANK1                             A0       A0       32       A0       1
                dataBANK0                            43       43        4       20       1
                bssBANK0                             20       20       14       20       1
                bssCOMMON                            78       78        3       70       1
                strings                             457      457       30      8AE       0
                idataBANK0                          57D      57D        4      90E       0

TOTAL           Name                               Link     Load   Length     Space
        CLASS   STACK          

        CLASS   CODE           
                end_init                             10       10        3         0
                cinit                                13       13       30         0
                intentry                              4        4        C         0
                reset_vec                             0        0        3         0
                text14                              3EA      3EA       3A         0
                text13                              4DF      4DF       2B         0
                text12                              52E      52E       15         0
                text11                              4B4      4B4       2B         0
                text10                              575      575        8         0
                text9                               424      424       33         0
                text8                               562      562        B         0
                text7                               267      267       BD         0
                text6                                43       43      224         0
                text5                               324      324       73         0
                text4                               543      543       12         0
                text3                               555      555        D         0
                text2                               397      397       53         0
                text1                               50A      50A       24         0
                maintext                            487      487       2D         0
                clrtext                             56D      56D        8         0
                idataBANK0                          57D      57D        4         0

        CLASS   STRCODE        

        CLASS   STRING         
                strings                             457      457       30         0

        CLASS   CONST          

        CLASS   ENTRY          

        CLASS   COMMON         
                cstackCOMMON                         70       70        8         1
                bssCOMMON                            78       78        3         1

        CLASS   BANK0          
                cstackBANK0                          34       34        F         1
                dataBANK0                            43       43        4         1
                bssBANK0                             20       20       14         1

        CLASS   BANK1          
                bssBANK1                             A0       A0       32         1

        CLASS   BANK2          

        CLASS   BANK3          

        CLASS   RAM            

        CLASS   ABS1           
                abs_s1                               7E       7E        2         1

        CLASS   SFR0           

        CLASS   SFR1           

        CLASS   SFR2           

        CLASS   SFR3           

        CLASS   CONFIG         
                config                             2007     2007        1         4

        CLASS   IDLOC          

        CLASS   EEDATA         



SEGMENTS        Name                           Load    Length   Top    Selector   Space  Class     Delta

                reset_vec                      000000  000003  000003         0       0  CODE        2
                intentry                       000004  000453  000457         8       0  CODE        2
                bssBANK0                       000020  000027  000047        20       1  BANK0       1
                cstackCOMMON                   000070  00000B  00007B        70       1  COMMON      1
                bssBANK1                       0000A0  000032  0000D2        A0       1  BANK1       1
                strings                        000457  000030  000487       8AE       0  STRING      2
                maintext                       000487  0000FA  000581       90E       0  CODE        2


UNUSED ADDRESS RANGES

        Name                Unused          Largest block    Delta
        BANK0            0047-006F             29           1
        BANK1            00D2-00EF             1E           1
        BANK2            0110-016F             60           1
        BANK3            0190-01EF             60           1
        CODE             0003-0003              1           2
                         0581-1FFF            800
        COMMON           007B-007D              3           1
        CONST            0003-0003              1           2
                         0581-1FFF            100
        EEDATA           2100-21FF            100           2
        ENTRY            0003-0003              1           2
                         0581-1FFF            100
        IDLOC            2000-2003              4           2
        RAM              0047-006F             29           1
                         00D2-00EF             1E
                         0110-016F             60
                         0190-01EF             60
        SFR0             0000-001F             20           1
        SFR1             0080-009F             20           1
        SFR2             0100-010F             10           1
        SFR3             0180-018F             10           1
        STACK            0110-016F             60           1
        STRCODE          0003-0003              1           2
                         0581-1FFF           1A7F
        STRING           0003-0003              1           2
                         0581-1FFF            100

                                  Symbol Table

?_readADC                cstackCOMMON 0073
Send_Command@command     cstackCOMMON 0075
Send_Data@data           cstackCOMMON 0075
_ADCON0                  (abs)        001F
_ADCON1                  (abs)        009F
_ADRESH                  (abs)        001E
_ADRESL                  (abs)        009E
_INTCON                  (abs)        000B
_ISR                     text14       03EA
_OPTION_REG              (abs)        0081
_PORTB                   (abs)        0006
_PORTD                   (abs)        0008
_PORTE                   (abs)        0009
_Send_Command            text13       04DF
_Send_Data               text11       04B4
_TMR0                    (abs)        0001
_TRISA                   (abs)        0085
_TRISB                   (abs)        0086
_TRISC                   (abs)        0087
_TRISD                   (abs)        0088
_TRISE                   (abs)        0089
__Habs1                  abs1         0000
__Hbank0                 bank0        0000
__Hbank1                 bank1        0000
__Hbank2                 bank2        0000
__Hbank3                 bank3        0000
__HbssBANK0              bssBANK0     0000
__HbssBANK1              bssBANK1     0000
__HbssCOMMON             bssCOMMON    0000
__Hcinit                 cinit        0043
__Hclrtext               clrtext      0000
__Hcode                  code         0000
__Hcommon                common       0000
__Hconfig                config       2008
__HcstackBANK0           cstackBANK0  0000
__HcstackCOMMON          cstackCOMMON 0000
__HdataBANK0             dataBANK0    0000
__Heeprom_data           eeprom_data  0000
__Hend_init              end_init     0013
__Hfunctab               functab      0000
__HidataBANK0            idataBANK0   0000
__Hinit                  init         0010
__Hintentry              intentry     0010
__Hmaintext              maintext     0000
__Hpowerup               powerup      0000
__Hram                   ram          0000
__Hreset_vec             reset_vec    0003
__Hsfr0                  sfr0         0000
__Hsfr1                  sfr1         0000
__Hsfr2                  sfr2         0000
__Hsfr3                  sfr3         0000
__Hspace_0               (abs)        0581
__Hspace_1               (abs)        00D2
__Hspace_2               (abs)        0000
__Hspace_3               (abs)        0000
__Hspace_4               (abs)        400F
__Hstack                 stack        0000
__Hstrings               strings      0000
__Htext                  text         0000
__Labs1                  abs1         0000
__Lbank0                 bank0        0000
__Lbank1                 bank1        0000
__Lbank2                 bank2        0000
__Lbank3                 bank3        0000
__LbssBANK0              bssBANK0     0000
__LbssBANK1              bssBANK1     0000
__LbssCOMMON             bssCOMMON    0000
__Lcinit                 cinit        0013
__Lclrtext               clrtext      0000
__Lcode                  code         0000
__Lcommon                common       0000
__Lconfig                config       0000
__LcstackBANK0           cstackBANK0  0000
__LcstackCOMMON          cstackCOMMON 0000
__LdataBANK0             dataBANK0    0000
__Leeprom_data           eeprom_data  0000
__Lend_init              end_init     0010
__Lfunctab               functab      0000
__LidataBANK0            idataBANK0   0000
__Linit                  init         0010
__Lintentry              intentry     0004
__Lmaintext              maintext     0000
__Lpowerup               powerup      0000
__Lram                   ram          0000
__Lreset_vec             reset_vec    0000
__Lsfr0                  sfr0         0000
__Lsfr1                  sfr1         0000
__Lsfr2                  sfr2         0000
__Lsfr3                  sfr3         0000
__Lspace_0               (abs)        0000
__Lspace_1               (abs)        0000
__Lspace_2               (abs)        0000
__Lspace_3               (abs)        0000
__Lspace_4               (abs)        0000
__Lstack                 stack        0000
__Lstrings               strings      0000
__Ltext                  text         0000
__S0                     (abs)        0581
__S1                     (abs)        00D2
__S2                     (abs)        0000
__S3                     (abs)        0000
___bmul                  text12       052E
___bmul@multiplicand     cstackCOMMON 0073
___bmul@multiplier       cstackCOMMON 0076
___bmul@product          cstackCOMMON 0075
___int_sp                stack        0000
___latbits               (abs)        0002
___sp                    stack        0000
___stackhi               (abs)        0000
___stacklo               (abs)        0000
__end_of_ISR             text14       0424
__end_of_Send_Command    text13       050A
__end_of_Send_Data       text11       04DF
__end_of___bmul          text12       0543
__end_of__initialization cinit        003F
__end_of__stringtab      strings      045D
__end_of_btnFunc         text6        0267
__end_of_calculate       text8        056D
__end_of_checkKeypad     text5        0397
__end_of_colMask         strings      0484
__end_of_initADC         text4        0555
__end_of_initPic         text3        0562
__end_of_init_LCD        text2        03EA
__end_of_keyPad          strings      0469
__end_of_main            maintext     04B4
__end_of_number          strings      047D
__end_of_numberDisplay   strings      0473
__end_of_readADC         text1        052E
__end_of_rowMask         strings      0481
__end_of_specialChars    text7        0324
__end_of_write_char      text10       057D
__end_of_write_string    text9        0457
__initialization         cinit        0013
__pbssBANK0              bssBANK0     0020
__pbssBANK1              bssBANK1     00A0
__pbssCOMMON             bssCOMMON    0078
__pcstackBANK0           cstackBANK0  0034
__pcstackCOMMON          cstackCOMMON 0070
__pdataBANK0             dataBANK0    0043
__pidataBANK0            idataBANK0   057D
__pintentry              intentry     0004
__pmaintext              maintext     0487
__pstrings               strings      0457
__ptext1                 text1        050A
__ptext10                text10       0575
__ptext11                text11       04B4
__ptext12                text12       052E
__ptext13                text13       04DF
__ptext14                text14       03EA
__ptext2                 text2        0397
__ptext3                 text3        0555
__ptext4                 text4        0543
__ptext5                 text5        0324
__ptext6                 text6        0043
__ptext7                 text7        0267
__ptext8                 text8        0562
__ptext9                 text9        0424
__size_of_ISR            (abs)        0000
__size_of_Send_Command   (abs)        0000
__size_of_Send_Data      (abs)        0000
__size_of___bmul         (abs)        0000
__size_of_btnFunc        (abs)        0000
__size_of_calculate      (abs)        0000
__size_of_checkKeypad    (abs)        0000
__size_of_initADC        (abs)        0000
__size_of_initPic        (abs)        0000
__size_of_init_LCD       (abs)        0000
__size_of_main           (abs)        0000
__size_of_readADC        (abs)        0000
__size_of_specialChars   (abs)        0000
__size_of_write_char     (abs)        0000
__size_of_write_string   (abs)        0000
__stringbase             strings      045C
__stringtab              strings      0457
_btnFunc                 text6        0043
_button                  bssBANK0     0030
_calculate               text8        0562
_checkKeypad             text5        0324
_colMask                 strings      0481
_colScan                 bssBANK0     0033
_count                   bssBANK0     0026
_countButton             bssBANK0     0028
_index                   bssBANK0     0020
_initADC                 text4        0543
_initPic                 text3        0555
_init_LCD                text2        0397
_inserted                bssBANK0     002E
_keyPad                  strings      045D
_keyok                   bssBANK0     0031
_keypressed              dataBANK0    0046
_main                    maintext     0487
_number                  strings      0473
_operazione              bssBANK1     00A0
_readADC                 text1        050A
_rowMask                 strings      047D
_rowScan                 bssBANK0     0032
_specialChars            text7        0267
_valore                  bssBANK0     0024
_write_char              text10       0575
_write_string            text9        0424
btemp                    (abs)        007E
clear_ram0               clrtext      056D
end_of_initialization    cinit        003F
interrupt_function       intentry     0004
intlevel0                functab      0000
intlevel1                functab      0000
intlevel2                functab      0000
intlevel3                functab      0000
intlevel4                functab      0000
intlevel5                functab      0000
readADC@channel          cstackCOMMON 0076
reset_vec                reset_vec    0000
saved_w                  (abs)        007E
start                    init         0010
start_initialization     cinit        0013
write_char@str           cstackCOMMON 0076
write_string@i           cstackBANK0  0036
write_string@str         cstackCOMMON 0076
wtemp0                   (abs)        007E


FUNCTION INFORMATION:

 *************** function _main *****************
 Defined at:
		line 90 in file "main.c"
 Parameters:    Size  Location     Type
		None
 Auto vars:     Size  Location     Type
		None
 Return value:  Size  Location     Type
                  1    wreg      void 
 Registers used:
		wreg, fsr0l, fsr0h, status,2, status,0, btemp+1, pclath, cstack
 Tracked objects:
		On entry : 
		On exit  : 
		Unchanged: 
 Data sizes:     COMMON   BANK0   BANK1   BANK3   BANK2
      Params:         0       0       0       0       0
      Locals:         0       0       0       0       0
      Temps:          0       0       0       0       0
      Totals:         0       0       0       0       0
Total ram usage:        0 bytes
 Hardware stack levels required when called:    7
 This function calls:
		_Send_Command
		_checkKeypad
		_initADC
		_initPic
		_init_LCD
		_readADC
 This function is called by:
		Startup code after reset
 This function uses a non-reentrant model


 *************** function _readADC *****************
 Defined at:
		line 318 in file "main.c"
 Parameters:    Size  Location     Type
  channel         1    wreg     unsigned char 
 Auto vars:     Size  Location     Type
  channel         1    6[COMMON] unsigned char 
 Return value:  Size  Location     Type
                  2    3[COMMON] int 
 Registers used:
		wreg, status,2, status,0
 Tracked objects:
		On entry : 
		On exit  : 
		Unchanged: 
 Data sizes:     COMMON   BANK0   BANK1   BANK3   BANK2
      Params:         2       0       0       0       0
      Locals:         1       0       0       0       0
      Temps:          1       0       0       0       0
      Totals:         4       0       0       0       0
Total ram usage:        4 bytes
 Hardware stack levels used:    1
 Hardware stack levels required when called:    1
 This function calls:
		Nothing
 This function is called by:
		_main
 This function uses a non-reentrant model


 *************** function _init_LCD *****************
 Defined at:
		line 328 in file "main.c"
 Parameters:    Size  Location     Type
		None
 Auto vars:     Size  Location     Type
		None
 Return value:  Size  Location     Type
                  1    wreg      void 
 Registers used:
		wreg, status,2, status,0, pclath, cstack
 Tracked objects:
		On entry : 
		On exit  : 
		Unchanged: 
 Data sizes:     COMMON   BANK0   BANK1   BANK3   BANK2
      Params:         0       0       0       0       0
      Locals:         0       0       0       0       0
      Temps:          2       0       0       0       0
      Totals:         2       0       0       0       0
Total ram usage:        2 bytes
 Hardware stack levels used:    1
 Hardware stack levels required when called:    2
 This function calls:
		_Send_Command
 This function is called by:
		_main
 This function uses a non-reentrant model


 *************** function _initPic *****************
 Defined at:
		line 376 in file "main.c"
 Parameters:    Size  Location     Type
		None
 Auto vars:     Size  Location     Type
		None
 Return value:  Size  Location     Type
                  1    wreg      void 
 Registers used:
		wreg, status,2
 Tracked objects:
		On entry : 
		On exit  : 
		Unchanged: 
 Data sizes:     COMMON   BANK0   BANK1   BANK3   BANK2
      Params:         0       0       0       0       0
      Locals:         0       0       0       0       0
      Temps:          0       0       0       0       0
      Totals:         0       0       0       0       0
Total ram usage:        0 bytes
 Hardware stack levels used:    1
 Hardware stack levels required when called:    1
 This function calls:
		Nothing
 This function is called by:
		_main
 This function uses a non-reentrant model


 *************** function _initADC *****************
 Defined at:
		line 310 in file "main.c"
 Parameters:    Size  Location     Type
		None
 Auto vars:     Size  Location     Type
		None
 Return value:  Size  Location     Type
                  1    wreg      void 
 Registers used:
		wreg
 Tracked objects:
		On entry : 
		On exit  : 
		Unchanged: 
 Data sizes:     COMMON   BANK0   BANK1   BANK3   BANK2
      Params:         0       0       0       0       0
      Locals:         0       0       0       0       0
      Temps:          1       0       0       0       0
      Totals:         1       0       0       0       0
Total ram usage:        1 bytes
 Hardware stack levels used:    1
 Hardware stack levels required when called:    1
 This function calls:
		Nothing
 This function is called by:
		_main
 This function uses a non-reentrant model


 *************** function _checkKeypad *****************
 Defined at:
		line 116 in file "main.c"
 Parameters:    Size  Location     Type
		None
 Auto vars:     Size  Location     Type
		None
 Return value:  Size  Location     Type
                  1    wreg      void 
 Registers used:
		wreg, fsr0l, fsr0h, status,2, status,0, btemp+1, pclath, cstack
 Tracked objects:
		On entry : 
		On exit  : 
		Unchanged: 
 Data sizes:     COMMON   BANK0   BANK1   BANK3   BANK2
      Params:         0       0       0       0       0
      Locals:         0       0       0       0       0
      Temps:          0       2       0       0       0
      Totals:         0       2       0       0       0
Total ram usage:        2 bytes
 Hardware stack levels used:    1
 Hardware stack levels required when called:    6
 This function calls:
		_btnFunc
 This function is called by:
		_main
 This function uses a non-reentrant model


 *************** function _btnFunc *****************
 Defined at:
		line 146 in file "main.c"
 Parameters:    Size  Location     Type
		None
 Auto vars:     Size  Location     Type
		None
 Return value:  Size  Location     Type
                  1    wreg      void 
 Registers used:
		wreg, fsr0l, fsr0h, status,2, status,0, btemp+1, pclath, cstack
 Tracked objects:
		On entry : 
		On exit  : 
		Unchanged: 
 Data sizes:     COMMON   BANK0   BANK1   BANK3   BANK2
      Params:         0       0       0       0       0
      Locals:         0       0       0       0       0
      Temps:          0       1       0       0       0
      Totals:         0       1       0       0       0
Total ram usage:        1 bytes
 Hardware stack levels used:    1
 Hardware stack levels required when called:    5
 This function calls:
		_specialChars
		_write_char
 This function is called by:
		_checkKeypad
 This function uses a non-reentrant model


 *************** function _specialChars *****************
 Defined at:
		line 220 in file "main.c"
 Parameters:    Size  Location     Type
		None
 Auto vars:     Size  Location     Type
		None
 Return value:  Size  Location     Type
                  1    wreg      void 
 Registers used:
		wreg, fsr0l, fsr0h, status,2, status,0, btemp+1, pclath, cstack
 Tracked objects:
		On entry : 
		On exit  : 
		Unchanged: 
 Data sizes:     COMMON   BANK0   BANK1   BANK3   BANK2
      Params:         0       0       0       0       0
      Locals:         0       0       0       0       0
      Temps:          0       1       0       0       0
      Totals:         0       1       0       0       0
Total ram usage:        1 bytes
 Hardware stack levels used:    1
 Hardware stack levels required when called:    4
 This function calls:
		_calculate
		_write_char
 This function is called by:
		_btnFunc
 This function uses a non-reentrant model


 *************** function _calculate *****************
 Defined at:
		line 258 in file "main.c"
 Parameters:    Size  Location     Type
		None
 Auto vars:     Size  Location     Type
  i               2    0        int 
  aux             1    0        unsigned char 
  risultato       1    0        unsigned char 
  risposta        1    0        unsigned char 
  startCalcula    1    0        unsigned char 
 Return value:  Size  Location     Type
                  1    wreg      void 
 Registers used:
		wreg, fsr0l, fsr0h, status,2, pclath, cstack
 Tracked objects:
		On entry : 
		On exit  : 
		Unchanged: 
 Data sizes:     COMMON   BANK0   BANK1   BANK3   BANK2
      Params:         0       0       0       0       0
      Locals:         0       6       0       0       0
      Temps:          0       1       0       0       0
      Totals:         0       7       0       0       0
Total ram usage:        7 bytes
 Hardware stack levels used:    1
 Hardware stack levels required when called:    3
 This function calls:
		_Send_Command
		___bmul
		_write_char
		_write_string
 This function is called by:
		_specialChars
 This function uses a non-reentrant model


 *************** function _write_string *****************
 Defined at:
		line 371 in file "main.c"
 Parameters:    Size  Location     Type
  str             2    6[COMMON] PTR unsigned char 
		 -> RAM(512), 
 Auto vars:     Size  Location     Type
  i               2    2[BANK0 ] int 
 Return value:  Size  Location     Type
                  1    wreg      void 
 Registers used:
		wreg, fsr0l, fsr0h, status,2, status,0, pclath, cstack
 Tracked objects:
		On entry : 
		On exit  : 
		Unchanged: 
 Data sizes:     COMMON   BANK0   BANK1   BANK3   BANK2
      Params:         2       0       0       0       0
      Locals:         0       2       0       0       0
      Temps:          0       2       0       0       0
      Totals:         2       4       0       0       0
Total ram usage:        6 bytes
 Hardware stack levels used:    1
 Hardware stack levels required when called:    2
 This function calls:
		_Send_Data
 This function is called by:
		_calculate
 This function uses a non-reentrant model


 *************** function _write_char *****************
 Defined at:
		line 368 in file "main.c"
 Parameters:    Size  Location     Type
  str             1    wreg     unsigned char 
 Auto vars:     Size  Location     Type
  str             1    6[COMMON] unsigned char 
 Return value:  Size  Location     Type
                  1    wreg      void 
 Registers used:
		wreg, status,2, status,0, pclath, cstack
 Tracked objects:
		On entry : 
		On exit  : 
		Unchanged: 
 Data sizes:     COMMON   BANK0   BANK1   BANK3   BANK2
      Params:         0       0       0       0       0
      Locals:         1       0       0       0       0
      Temps:          0       0       0       0       0
      Totals:         1       0       0       0       0
Total ram usage:        1 bytes
 Hardware stack levels used:    1
 Hardware stack levels required when called:    2
 This function calls:
		_Send_Data
 This function is called by:
		_btnFunc
		_specialChars
		_calculate
 This function uses a non-reentrant model


 *************** function _Send_Data *****************
 Defined at:
		line 357 in file "main.c"
 Parameters:    Size  Location     Type
  data            1    wreg     unsigned char 
 Auto vars:     Size  Location     Type
  data            1    5[COMMON] unsigned char 
 Return value:  Size  Location     Type
                  1    wreg      void 
 Registers used:
		wreg, status,2
 Tracked objects:
		On entry : 
		On exit  : 
		Unchanged: 
 Data sizes:     COMMON   BANK0   BANK1   BANK3   BANK2
      Params:         0       0       0       0       0
      Locals:         1       0       0       0       0
      Temps:          2       0       0       0       0
      Totals:         3       0       0       0       0
Total ram usage:        3 bytes
 Hardware stack levels used:    1
 Hardware stack levels required when called:    1
 This function calls:
		Nothing
 This function is called by:
		_write_char
		_write_string
 This function uses a non-reentrant model


 *************** function ___bmul *****************
 Defined at:
		line 4 in file "C:\Program Files\Microchip\xc8\v2.31\pic\sources\c90\common\Umul8.c"
 Parameters:    Size  Location     Type
  multiplier      1    wreg     unsigned char 
  multiplicand    1    3[COMMON] unsigned char 
 Auto vars:     Size  Location     Type
  multiplier      1    6[COMMON] unsigned char 
  product         1    5[COMMON] unsigned char 
 Return value:  Size  Location     Type
                  1    wreg      unsigned char 
 Registers used:
		wreg, status,2, status,0
 Tracked objects:
		On entry : 
		On exit  : 
		Unchanged: 
 Data sizes:     COMMON   BANK0   BANK1   BANK3   BANK2
      Params:         1       0       0       0       0
      Locals:         2       0       0       0       0
      Temps:          1       0       0       0       0
      Totals:         4       0       0       0       0
Total ram usage:        4 bytes
 Hardware stack levels used:    1
 Hardware stack levels required when called:    1
 This function calls:
		Nothing
 This function is called by:
		_calculate
 This function uses a non-reentrant model


 *************** function _Send_Command *****************
 Defined at:
		line 345 in file "main.c"
 Parameters:    Size  Location     Type
  command         1    wreg     unsigned char 
 Auto vars:     Size  Location     Type
  command         1    5[COMMON] unsigned char 
 Return value:  Size  Location     Type
                  1    wreg      void 
 Registers used:
		wreg, status,2
 Tracked objects:
		On entry : 
		On exit  : 
		Unchanged: 
 Data sizes:     COMMON   BANK0   BANK1   BANK3   BANK2
      Params:         0       0       0       0       0
      Locals:         1       0       0       0       0
      Temps:          2       0       0       0       0
      Totals:         3       0       0       0       0
Total ram usage:        3 bytes
 Hardware stack levels used:    1
 Hardware stack levels required when called:    1
 This function calls:
		Nothing
 This function is called by:
		_main
		_calculate
		_init_LCD
 This function uses a non-reentrant model


 *************** function _ISR *****************
 Defined at:
		line 384 in file "main.c"
 Parameters:    Size  Location     Type
		None
 Auto vars:     Size  Location     Type
		None
 Return value:  Size  Location     Type
                  1    wreg      void 
 Registers used:
		wreg, status,2, status,0, btemp+1
 Tracked objects:
		On entry : 
		On exit  : 
		Unchanged: 
 Data sizes:     COMMON   BANK0   BANK1   BANK3   BANK2
      Params:         0       0       0       0       0
      Locals:         0       0       0       0       0
      Temps:          3       0       0       0       0
      Totals:         3       0       0       0       0
Total ram usage:        3 bytes
 Hardware stack levels used:    1
 This function calls:
		Nothing
 This function is called by:
		Interrupt level 1
 This function uses a non-reentrant model



MODULE INFORMATION

Module		Function		Class		Link	Load	Size
shared
		__stringtab    		STRING         	0457	0000	6
		_rowMask       		STRING         	047D	0000	4
		_numberDisplay 		STRING         	0000	0000	0
		_number        		STRING         	0473	0000	10
		__initialization		CODE           	0013	0000	44
		_keyPad        		STRING         	045D	0000	12
		_colMask       		STRING         	0481	0000	3

shared estimated size: 79

C:\Program Files\Microchip\xc8\v2.31\pic\sources\c90\common\Umul8.c
		___bmul        		CODE           	052E	0000	21

C:\Program Files\Microchip\xc8\v2.31\pic\sources\c90\common\Umul8.c estimated size: 21

main.c
		_initPic       		CODE           	0555	0000	13
		_ISR           		CODE           	03EA	0000	58
		_Send_Command  		CODE           	04DF	0000	43
		_main          		CODE           	0487	0000	45
		_specialChars  		CODE           	0267	0000	189
		_calculate     		CODE           	0562	0000	11
		_btnFunc       		CODE           	0043	0000	548
		_write_char    		CODE           	0575	0000	8
		_write_string  		CODE           	0424	0000	51
		_init_LCD      		CODE           	0397	0000	83
		_initADC       		CODE           	0543	0000	18
		_readADC       		CODE           	050A	0000	36
		_Send_Data     		CODE           	04B4	0000	43
		_checkKeypad   		CODE           	0324	0000	115

main.c estimated size: 1261

