Microchip MPLAB XC8 Compiler V2.31

Linker command line:

-W-3 --edf=C:\Program Files\Microchip\xc8\v2.31\pic\dat\en_msgs.txt -cn \
  -h+dist/default/production\2020_12_11_ScritturaSuSchermo.X.production.sym \
  --cmf=dist/default/production\2020_12_11_ScritturaSuSchermo.X.production.cmf \
  -z -Q16F877A -oC:\Users\ALESSA~1\AppData\Local\Temp\s7r0.2 \
  --defsym=__MPLAB_BUILD=1 \
  -Mdist/default/production/2020_12_11_ScritturaSuSchermo.X.production.map \
  -E1 -ver=XC8 Compiler --acfsm=1493 -ASTACK=0110h-016Fh -pstack=STACK \
  -ACODE=00h-07FFhx4 -ASTRCODE=00h-01FFFh -ASTRING=00h-0FFhx32 \
  -ACONST=00h-0FFhx32 -AENTRY=00h-0FFhx32 -ACOMMON=070h-07Fh \
  -ABANK0=020h-06Fh -ABANK1=0A0h-0EFh -ABANK2=0110h-016Fh \
  -ABANK3=0190h-01EFh -ARAM=020h-06Fh,0A0h-0EFh,0110h-016Fh,0190h-01EFh \
  -AABS1=020h-07Fh,0A0h-0EFh,0110h-016Fh,0190h-01EFh -ASFR0=00h-01Fh \
  -ASFR1=080h-09Fh -ASFR2=0100h-010Fh -ASFR3=0180h-018Fh \
  -ACONFIG=02007h-02007h -DCONFIG=2 -AIDLOC=02000h-02003h -DIDLOC=2 \
  -AEEDATA=00h-0FFh/02100h -peeprom_data=EEDATA -DEEDATA=2 -DCODE=2 \
  -DSTRCODE=2 -DSTRING=2 -DCONST=2 -DENTRY=2 \
  -preset_vec=00h,intentry=04h,init,end_init -ppowerup=CODE -pcinit=CODE \
  -pfunctab=ENTRY -k C:\Users\ALESSA~1\AppData\Local\Temp\s7r0.o \
  dist/default/production\2020_12_11_ScritturaSuSchermo.X.production.o 

Object code version is 3.11

Machine type is 16F877A



                Name                               Link     Load   Length Selector   Space Scale
C:\Users\ALESSA~1\AppData\Local\Temp\s7r0.o
                end_init                              C        C        3        8       0
                reset_vec                             0        0        3        0       0
                config                             2007     2007        1        0       4
dist/default/production\2020_12_11_ScritturaSuSchermo.X.production.o
                cinit                                 F        F       15        8       0
                intentry                              4        4        8        8       0
                config                             2007     2007        1        0       4
                text1                                AD       AD       18      15A       0
                maintext                             24       24       60        8       0
                cstackBANK0                          22       22        2       20       1
                cstackCOMMON                         79       79        2       70       1
                bssBANK0                             20       20        2       20       1
                dataCOMMON                           7B       7B        1       70       1
                bssCOMMON                            70       70        9       70       1
                strings                              84       84       29      108       0
                idataCOMMON                          C5       C5        1      15A       0

TOTAL           Name                               Link     Load   Length     Space
        CLASS   STACK          

        CLASS   CODE           
                end_init                              C        C        3         0
                cinit                                 F        F       15         0
                intentry                              4        4        8         0
                reset_vec                             0        0        3         0
                text1                                AD       AD       18         0
                maintext                             24       24       60         0
                idataCOMMON                          C5       C5        1         0

        CLASS   STRCODE        

        CLASS   STRING         
                strings                              84       84       29         0

        CLASS   CONST          

        CLASS   ENTRY          

        CLASS   COMMON         
                cstackCOMMON                         79       79        2         1
                dataCOMMON                           7B       7B        1         1
                bssCOMMON                            70       70        9         1

        CLASS   BANK0          
                cstackBANK0                          22       22        2         1
                bssBANK0                             20       20        2         1

        CLASS   BANK1          

        CLASS   BANK2          

        CLASS   BANK3          

        CLASS   RAM            

        CLASS   ABS1           
                abs_s1                               7E       7E        2         1

        CLASS   SFR0           

        CLASS   SFR1           

        CLASS   SFR2           

        CLASS   SFR3           

        CLASS   CONFIG         
                config                             2007     2007        1         4

        CLASS   IDLOC          

        CLASS   EEDATA         



SEGMENTS        Name                           Load    Length   Top    Selector   Space  Class     Delta

                reset_vec                      000000  000003  000003         0       0  CODE        2
                intentry                       000004  000080  000084         8       0  CODE        2
                bssBANK0                       000020  000004  000024        20       1  BANK0       1
                bssCOMMON                      000070  00000C  00007C        70       1  COMMON      1
                strings                        000084  000029  0000AD       108       0  STRING      2
                text1                          0000AD  000019  0000C6       15A       0  CODE        2


UNUSED ADDRESS RANGES

        Name                Unused          Largest block    Delta
        BANK0            0024-006F             4C           1
        BANK1            00A0-00EF             50           1
        BANK2            0110-016F             60           1
        BANK3            0190-01EF             60           1
        CODE             0003-0003              1           2
                         00C6-1FFF            800
        COMMON           007C-007D              2           1
        CONST            0003-0003              1           2
                         00C6-1FFF            100
        EEDATA           2100-21FF            100           2
        ENTRY            0003-0003              1           2
                         00C6-1FFF            100
        IDLOC            2000-2003              4           2
        RAM              0024-006F             4C           1
                         00A0-00EF             50
                         0110-016F             60
                         0190-01EF             60
        SFR0             0000-001F             20           1
        SFR1             0080-009F             20           1
        SFR2             0100-010F             10           1
        SFR3             0180-018F             10           1
        STACK            0110-016F             60           1
        STRCODE          0003-0003              1           2
                         00C6-1FFF           1F3A
        STRING           0003-0003              1           2
                         00C6-1FFF            100

                                  Symbol Table

_INTCON                  (abs)        000B
_IRC                     text1        00AD
_OPTION_REG              (abs)        0081
_PORTA                   (abs)        0005
_PORTB                   (abs)        0006
_PORTD                   (abs)        0008
_TMR0                    (abs)        0001
_TRISA                   (abs)        0085
_TRISB                   (abs)        0086
_TRISD                   (abs)        0088
__Habs1                  abs1         0000
__Hbank0                 bank0        0000
__Hbank1                 bank1        0000
__Hbank2                 bank2        0000
__Hbank3                 bank3        0000
__HbssBANK0              bssBANK0     0000
__HbssCOMMON             bssCOMMON    0000
__Hcinit                 cinit        0024
__Hclrtext               clrtext      0000
__Hcode                  code         0000
__Hcommon                common       0000
__Hconfig                config       2008
__HcstackBANK0           cstackBANK0  0000
__HcstackCOMMON          cstackCOMMON 0000
__HdataCOMMON            dataCOMMON   0000
__Heeprom_data           eeprom_data  0000
__Hend_init              end_init     000F
__Hfunctab               functab      0000
__HidataCOMMON           idataCOMMON  0000
__Hinit                  init         000C
__Hintentry              intentry     000C
__Hmaintext              maintext     0000
__Hpowerup               powerup      0000
__Hram                   ram          0000
__Hreset_vec             reset_vec    0003
__Hsfr0                  sfr0         0000
__Hsfr1                  sfr1         0000
__Hsfr2                  sfr2         0000
__Hsfr3                  sfr3         0000
__Hspace_0               (abs)        00C6
__Hspace_1               (abs)        007C
__Hspace_2               (abs)        0000
__Hspace_3               (abs)        0000
__Hspace_4               (abs)        400F
__Hstack                 stack        0000
__Hstrings               strings      0000
__Htext                  text         0000
__Labs1                  abs1         0000
__Lbank0                 bank0        0000
__Lbank1                 bank1        0000
__Lbank2                 bank2        0000
__Lbank3                 bank3        0000
__LbssBANK0              bssBANK0     0000
__LbssCOMMON             bssCOMMON    0000
__Lcinit                 cinit        000F
__Lclrtext               clrtext      0000
__Lcode                  code         0000
__Lcommon                common       0000
__Lconfig                config       0000
__LcstackBANK0           cstackBANK0  0000
__LcstackCOMMON          cstackCOMMON 0000
__LdataCOMMON            dataCOMMON   0000
__Leeprom_data           eeprom_data  0000
__Lend_init              end_init     000C
__Lfunctab               functab      0000
__LidataCOMMON           idataCOMMON  0000
__Linit                  init         000C
__Lintentry              intentry     0004
__Lmaintext              maintext     0000
__Lpowerup               powerup      0000
__Lram                   ram          0000
__Lreset_vec             reset_vec    0000
__Lsfr0                  sfr0         0000
__Lsfr1                  sfr1         0000
__Lsfr2                  sfr2         0000
__Lsfr3                  sfr3         0000
__Lspace_0               (abs)        0000
__Lspace_1               (abs)        0000
__Lspace_2               (abs)        0000
__Lspace_3               (abs)        0000
__Lspace_4               (abs)        0000
__Lstack                 stack        0000
__Lstrings               strings      0000
__Ltext                  text         0000
__S0                     (abs)        00C6
__S1                     (abs)        007C
__S2                     (abs)        0000
__S3                     (abs)        0000
___int_sp                stack        0000
___latbits               (abs)        0002
___sp                    stack        0000
___stackhi               (abs)        0000
___stacklo               (abs)        0000
__end_of_IRC             text1        00C5
__end_of__initialization cinit        0020
__end_of__stringtab      strings      008A
__end_of_colMask         strings      00AD
__end_of_displayRegular  strings      009A
__end_of_keys            strings      00A6
__end_of_main            maintext     0084
__end_of_rowMask         strings      00AA
__initialization         cinit        000F
__pbssBANK0              bssBANK0     0020
__pbssCOMMON             bssCOMMON    0070
__pcstackBANK0           cstackBANK0  0022
__pcstackCOMMON          cstackCOMMON 0079
__pdataCOMMON            dataCOMMON   007B
__pidataCOMMON           idataCOMMON  00C5
__pintentry              intentry     0004
__pmaintext              maintext     0024
__pstrings               strings      0084
__ptext1                 text1        00AD
__size_of_IRC            (abs)        0000
__size_of_main           (abs)        0000
__stringbase             strings      0089
__stringtab              strings      0084
_colMask                 strings      00AA
_colScan                 bssCOMMON    0076
_contatore               bssCOMMON    0072
_displayRegular          strings      008A
_keyPressed              dataCOMMON   007B
_keyok                   bssCOMMON    0078
_keys                    strings      009A
_main                    maintext     0024
_rowMask                 strings      00A6
_rowScan                 bssCOMMON    0074
_stato                   bssCOMMON    0070
btemp                    (abs)        007E
end_of_initialization    cinit        0020
interrupt_function       intentry     0004
intlevel0                functab      0000
intlevel1                functab      0000
intlevel2                functab      0000
intlevel3                functab      0000
intlevel4                functab      0000
intlevel5                functab      0000
reset_vec                reset_vec    0000
saved_w                  (abs)        007E
start                    init         000C
start_initialization     cinit        000F
wtemp0                   (abs)        007E


FUNCTION INFORMATION:

 *************** function _main *****************
 Defined at:
		line 50 in file "ScriviSuDisplay_Vendrame.c"
 Parameters:    Size  Location     Type
		None
 Auto vars:     Size  Location     Type
  numberToDisp    1    0        unsigned char 
 Return value:  Size  Location     Type
                  1    wreg      void 
 Registers used:
		wreg, fsr0l, fsr0h, status,2, status,0, btemp+1, pclath
 Tracked objects:
		On entry : 
		On exit  : 
		Unchanged: 
 Data sizes:     COMMON   BANK0   BANK1   BANK3   BANK2
      Params:         0       0       0       0       0
      Locals:         0       0       0       0       0
      Temps:          0       2       0       0       0
      Totals:         0       2       0       0       0
Total ram usage:        2 bytes
 Hardware stack levels used:    1
 Hardware stack levels required when called:    1
 This function calls:
		Nothing
 This function is called by:
		Startup code after reset
 This function uses a non-reentrant model


 *************** function _IRC *****************
 Defined at:
		line 129 in file "ScriviSuDisplay_Vendrame.c"
 Parameters:    Size  Location     Type
		None
 Auto vars:     Size  Location     Type
		None
 Return value:  Size  Location     Type
                  1    wreg      void 
 Registers used:
		wreg, status,2
 Tracked objects:
		On entry : 
		On exit  : 
		Unchanged: 
 Data sizes:     COMMON   BANK0   BANK1   BANK3   BANK2
      Params:         0       0       0       0       0
      Locals:         0       0       0       0       0
      Temps:          2       0       0       0       0
      Totals:         2       0       0       0       0
Total ram usage:        2 bytes
 Hardware stack levels used:    1
 This function calls:
		Nothing
 This function is called by:
		Interrupt level 1
 This function uses a non-reentrant model



MODULE INFORMATION

Module		Function		Class		Link	Load	Size
ScriviSuDisplay_Vendrame.c
		_main          		CODE           	0024	0000	96
		_IRC           		CODE           	00AD	0000	24

ScriviSuDisplay_Vendrame.c estimated size: 120

shared
		__stringtab    		STRING         	0084	0000	6
		_rowMask       		STRING         	00A6	0000	4
		_displayRegular		STRING         	008A	0000	16
		_keys          		STRING         	009A	0000	12
		__initialization		CODE           	000F	0000	17
		_colMask       		STRING         	00AA	0000	3

shared estimated size: 58

