Microchip MPLAB XC8 Compiler V2.31

Linker command line:

-W-3 --edf=C:\Program Files\Microchip\xc8\v2.31\pic\dat\en_msgs.txt -cn \
  -h+dist/default/debug\ProgettoPrimaLezione.X.debug.sym \
  --cmf=dist/default/debug\ProgettoPrimaLezione.X.debug.cmf -z -Q16F628 \
  -oC:\Users\ALESSA~1\AppData\Local\Temp\sfpo.2 --defsym=__MPLAB_BUILD=1 \
  -Mdist/default/debug/ProgettoPrimaLezione.X.debug.map -E1 \
  -ver=XC8 Compiler --acfsm=1493 -ASTACK=0A0h-0EFh -pstack=STACK \
  -ACODE=00h-07FFh -ASTRCODE=00h-07FFh -ASTRING=00h-0FFhx8 \
  -ACONST=00h-0FFhx8 -AENTRY=00h-0FFhx8 -ACOMMON=070h-07Fh \
  -ABANK0=020h-06Fh -ABANK1=0A0h-0EFh -ABANK2=0120h-014Fh \
  -ARAM=020h-06Fh,0A0h-0EFh,0120h-014Fh \
  -AABS1=020h-07Fh,0A0h-0EFh,0120h-014Fh -ASFR0=00h-01Fh -ASFR1=080h-09Fh \
  -ASFR2=0100h-011Fh -ASFR3=0180h-01EFh -ACONFIG=02007h-02007h -DCONFIG=2 \
  -AIDLOC=02000h-02003h -DIDLOC=2 -AEEDATA=00h-07Fh/02100h \
  -peeprom_data=EEDATA -DEEDATA=2 -DCODE=2 -DSTRCODE=2 -DSTRING=2 -DCONST=2 \
  -DENTRY=2 -preset_vec=00h,intentry,init,end_init -ppowerup=CODE \
  -pcinit=CODE -pfunctab=ENTRY -k \
  C:\Users\ALESSA~1\AppData\Local\Temp\sfpo.o \
  dist/default/debug\ProgettoPrimaLezione.X.debug.o 

Object code version is 3.11

Machine type is 16F628



                Name                               Link     Load   Length Selector   Space Scale
C:\Users\ALESSA~1\AppData\Local\Temp\sfpo.o
                end_init                              0        0        1        0       0
                config                             2007     2007        1        0       4
dist/default/debug\ProgettoPrimaLezione.X.debug.o
                cinit                               7FE      7FE        2      FFC       0
                config                             2007     2007        1        0       4
                text2                               6A6      6A6        1      D4C       0
                text1                               6A7      6A7       63      D4E       0
                maintext                            70A      70A       F4      E14       0
                cstackBANK0                          20       20        A       20       1
                cstackCOMMON                         70       70        D       70       1
                strings                               1        1       1A        2       0

TOTAL           Name                               Link     Load   Length     Space
        CLASS   STACK          

        CLASS   CODE           
                end_init                              0        0        1         0
                cinit                               7FE      7FE        2         0
                text2                               6A6      6A6        1         0
                text1                               6A7      6A7       63         0
                maintext                            70A      70A       F4         0

        CLASS   STRCODE        

        CLASS   STRING         
                strings                               1        1       1A         0

        CLASS   CONST          

        CLASS   ENTRY          

        CLASS   COMMON         
                cstackCOMMON                         70       70        D         1

        CLASS   BANK0          
                cstackBANK0                          20       20        A         1

        CLASS   BANK1          

        CLASS   BANK2          

        CLASS   RAM            

        CLASS   ABS1           
                abs_s1                               7E       7E        2         1

        CLASS   SFR0           

        CLASS   SFR1           

        CLASS   SFR2           

        CLASS   SFR3           

        CLASS   CONFIG         
                config                             2007     2007        1         4

        CLASS   IDLOC          

        CLASS   EEDATA         

        CLASS   BANK3          



SEGMENTS        Name                           Load    Length   Top    Selector   Space  Class     Delta

                reset_vec                      000000  000001  000001         0       0  CODE        2
                strings                        000001  00001A  00001B         2       0  STRING      2
                cstackBANK0                    000020  00000A  00002A        20       1  BANK0       1
                cstackCOMMON                   000070  00000D  00007D        70       1  COMMON      1
                text2                          0006A6  000001  0006A7       D4C       0  CODE        2
                text1                          0006A7  000063  00070A       D4E       0  CODE        2
                maintext                       00070A  0000F4  0007FE       E14       0  CODE        2
                cinit                          0007FE  000002  000800       FFC       0  CODE        2


UNUSED ADDRESS RANGES

        Name                Unused          Largest block    Delta
        BANK0            002A-006F             46           1
        BANK1            00A0-00EF             50           1
        BANK2            0120-014F             30           1
        CODE             001B-06A5            68B           2
        COMMON           007D-007D              1           1
        CONST            001B-06A5            100           2
        EEDATA           2100-217F             80           2
        ENTRY            001B-06A5            100           2
        IDLOC            2000-2003              4           2
        RAM              002A-006F             46           1
                         00A0-00EF             50
                         0120-014F             30
        SFR0             0000-001F             20           1
        SFR1             0080-009F             20           1
        SFR2             0100-011F             20           1
        SFR3             0180-01EF             70           1
        STACK            00A0-00EF             50           1
        STRCODE          001B-06A5            68B           2
        STRING           001B-06A5            100           2

                                  Symbol Table

?_printf                 cstackCOMMON 0070
_PORTA                   (abs)        0005
_PORTB                   (abs)        0006
_TRISA                   (abs)        0085
_TRISB                   (abs)        0086
__Habs1                  abs1         0000
__Hbank0                 bank0        0000
__Hbank1                 bank1        0000
__Hbank2                 bank2        0000
__Hbank3                 bank3        0000
__Hcinit                 cinit        0800
__Hclrtext               clrtext      0000
__Hcode                  code         0000
__Hcommon                common       0000
__Hconfig                config       2008
__HcstackBANK0           cstackBANK0  0000
__HcstackCOMMON          cstackCOMMON 0000
__Heeprom_data           eeprom_data  0000
__Hend_init              end_init     0001
__Hfunctab               functab      0000
__Hinit                  init         0000
__Hintentry              intentry     0000
__Hmaintext              maintext     0000
__Hpowerup               powerup      0000
__Hram                   ram          0000
__Hreset_vec             reset_vec    0000
__Hsfr0                  sfr0         0000
__Hsfr1                  sfr1         0000
__Hsfr2                  sfr2         0000
__Hsfr3                  sfr3         0000
__Hspace_0               (abs)        0800
__Hspace_1               (abs)        007D
__Hspace_2               (abs)        0000
__Hspace_3               (abs)        0000
__Hspace_4               (abs)        400F
__Hstack                 stack        0000
__Hstrings               strings      0000
__Htext                  text         0000
__Labs1                  abs1         0000
__Lbank0                 bank0        0000
__Lbank1                 bank1        0000
__Lbank2                 bank2        0000
__Lbank3                 bank3        0000
__Lcinit                 cinit        07FE
__Lclrtext               clrtext      0000
__Lcode                  code         0000
__Lcommon                common       0000
__Lconfig                config       0000
__LcstackBANK0           cstackBANK0  0000
__LcstackCOMMON          cstackCOMMON 0000
__Leeprom_data           eeprom_data  0000
__Lend_init              end_init     0000
__Lfunctab               functab      0000
__Linit                  init         0000
__Lintentry              intentry     0000
__Lmaintext              maintext     0000
__Lpowerup               powerup      0000
__Lram                   ram          0000
__Lreset_vec             reset_vec    0000
__Lsfr0                  sfr0         0000
__Lsfr1                  sfr1         0000
__Lsfr2                  sfr2         0000
__Lsfr3                  sfr3         0000
__Lspace_0               (abs)        0000
__Lspace_1               (abs)        0000
__Lspace_2               (abs)        0000
__Lspace_3               (abs)        0000
__Lspace_4               (abs)        0000
__Lstack                 stack        0000
__Lstrings               strings      0000
__Ltext                  text         0000
__S0                     (abs)        0800
__S1                     (abs)        007D
__S2                     (abs)        0000
__S3                     (abs)        0000
___int_sp                stack        0000
___latbits               (abs)        0000
___sp                    stack        0000
___stackhi               (abs)        0000
___stacklo               (abs)        0000
__end_of__initialization cinit        07FE
__end_of__stringtab      strings      0011
__end_of_main            maintext     07FE
__end_of_printf          text1        070A
__end_of_putch           text2        06A7
__initialization         cinit        07FE
__pcstackBANK0           cstackBANK0  0020
__pcstackCOMMON          cstackCOMMON 0070
__pmaintext              maintext     070A
__pstrings               strings      0001
__ptext1                 text1        06A7
__ptext2                 text2        06A6
__size_of_main           (abs)        0000
__size_of_printf         (abs)        0000
__size_of_putch          (abs)        0000
__stringbase             strings      0010
__stringtab              strings      0001
_main                    maintext     070A
_printf                  text1        06A7
_putch                   text2        06A6
btemp                    (abs)        007E
end_of_initialization    cinit        07FE
intlevel0                functab      0000
intlevel1                functab      0000
intlevel2                functab      0000
intlevel3                functab      0000
intlevel4                functab      0000
intlevel5                functab      0000
main@button              cstackBANK0  0027
main@i                   cstackBANK0  0022
main@k                   cstackBANK0  0025
main@oldButton           cstackBANK0  0024
main@oldPort             cstackBANK0  0021
main@state               cstackBANK0  0020
main@x                   cstackBANK0  0028
printf@ap                cstackCOMMON 0075
printf@c                 cstackCOMMON 0077
printf@cp                cstackCOMMON 0078
printf@f                 cstackCOMMON 0076
reset_vec                reset_vec    0000
start                    init         0000
start_initialization     cinit        07FE
wtemp0                   (abs)        007E


FUNCTION INFORMATION:

 *************** function _main *****************
 Defined at:
		line 29 in file "main.c"
 Parameters:    Size  Location     Type
		None
 Auto vars:     Size  Location     Type
  x               2    8[BANK0 ] int 
  k               2    5[BANK0 ] int 
  i               2    2[BANK0 ] int 
  button          1    7[BANK0 ] unsigned char 
  oldButton       1    4[BANK0 ] unsigned char 
  oldPort         1    1[BANK0 ] unsigned char 
  state           1    0[BANK0 ] unsigned char 
 Return value:  Size  Location     Type
                  1    wreg      void 
 Registers used:
		wreg, fsr0l, fsr0h, status,2, status,0, btemp+1, pclath, cstack
 Tracked objects:
		On entry : 
		On exit  : 
		Unchanged: 
 Data sizes:     COMMON   BANK0   BANK1   BANK2
      Params:         0       0       0       0
      Locals:         0      10       0       0
      Temps:          3       0       0       0
      Totals:         3      10       0       0
Total ram usage:       13 bytes
 Hardware stack levels required when called:    2
 This function calls:
		_printf
 This function is called by:
		Startup code after reset
 This function uses a non-reentrant model


 *************** function _printf *****************
 Defined at:
		line 477 in file "C:\Program Files\Microchip\xc8\v2.31\pic\sources\c90\common\doprnt.c"
 Parameters:    Size  Location     Type
  f               1    wreg     PTR const unsigned char 
		 -> STR_1(3), 
 Auto vars:     Size  Location     Type
  f               1    6[COMMON] PTR const unsigned char 
		 -> STR_1(3), 
  tmpval          4    0        struct .
  cp              2    8[COMMON] PTR const unsigned char 
		 -> STR_2(7), ?_printf(2), main@x(2), 
  len             2    0        unsigned int 
  val             2    0        unsigned int 
  c               1    7[COMMON] unsigned char 
  ap              1    5[COMMON] PTR void [1]
		 -> ?_printf(2), 
  flag            1    0        unsigned char 
  prec            1    0        char 
 Return value:  Size  Location     Type
                  2    0[COMMON] int 
 Registers used:
		wreg, fsr0l, fsr0h, status,2, status,0, btemp+1, pclath, cstack
 Tracked objects:
		On entry : 
		On exit  : 
		Unchanged: 
 Data sizes:     COMMON   BANK0   BANK1   BANK2
      Params:         2       0       0       0
      Locals:         6       0       0       0
      Temps:          2       0       0       0
      Totals:        10       0       0       0
Total ram usage:       10 bytes
 Hardware stack levels used:    1
 Hardware stack levels required when called:    1
 This function calls:
		_putch
 This function is called by:
		_main
 This function uses a non-reentrant model


 *************** function _putch *****************
 Defined at:
		line 7 in file "C:\Program Files\Microchip\xc8\v2.31\pic\sources\c90\common\putch.c"
 Parameters:    Size  Location     Type
  c               1    wreg     unsigned char 
 Auto vars:     Size  Location     Type
  c               1    0[COMMON] unsigned char 
 Return value:  Size  Location     Type
                  1    wreg      void 
 Registers used:
		wreg
 Tracked objects:
		On entry : 
		On exit  : 
		Unchanged: 
 Data sizes:     COMMON   BANK0   BANK1   BANK2
      Params:         0       0       0       0
      Locals:         0       0       0       0
      Temps:          0       0       0       0
      Totals:         0       0       0       0
Total ram usage:        0 bytes
 Hardware stack levels used:    1
 This function calls:
		Nothing
 This function is called by:
		_printf
 This function uses a non-reentrant model



MODULE INFORMATION

Module		Function		Class		Link	Load	Size
C:\Program Files\Microchip\xc8\v2.31\pic\sources\c90\common\doprnt.c
		_printf        		CODE           	06A7	0000	99

C:\Program Files\Microchip\xc8\v2.31\pic\sources\c90\common\doprnt.c estimated size: 99

C:\Program Files\Microchip\xc8\v2.31\pic\sources\c90\common\putch.c
		_putch         		CODE           	06A6	0000	1

C:\Program Files\Microchip\xc8\v2.31\pic\sources\c90\common\putch.c estimated size: 1

shared
		__stringtab    		STRING         	0001	0000	16
		__initialization		CODE           	07FE	0000	1

shared estimated size: 17

main.c
		_main          		CODE           	070A	0000	244

main.c estimated size: 244

